2025-12-01 13:43:13.869 [main] ERROR o.apache.dubbo.config.deploy.DefaultModuleDeployer -  [DUBBO] Model start failed: Dubbo Module[1.1.1] start failed: java.lang.NoSuchMethodError: com.alibaba.nacos.api.config.ConfigService.publishConfigCas(Ljava/lang/String;Ljava/lang/String;Ljava/lang/String;Ljava/lang/String;)Z, dubbo version: 3.2.2, current host: 192.168.1.118, error code: 5-14. This may be caused by , go to https://dubbo.apache.org/faq/5/14 to find instructions. 
java.lang.NoSuchMethodError: com.alibaba.nacos.api.config.ConfigService.publishConfigCas(Ljava/lang/String;Ljava/lang/String;Ljava/lang/String;Ljava/lang/String;)Z
	at org.apache.dubbo.metadata.store.nacos.NacosConfigServiceWrapper.publishConfigCas(NacosConfigServiceWrapper.java:65)
	at org.apache.dubbo.metadata.store.nacos.NacosMetadataReport.registerServiceAppMapping(NacosMetadataReport.java:274)
	at org.apache.dubbo.registry.client.metadata.MetadataServiceNameMapping.map(MetadataServiceNameMapping.java:116)
	at org.apache.dubbo.config.ServiceConfig.mapServiceName(ServiceConfig.java:343)
	at org.apache.dubbo.config.ServiceConfig.lambda$exported$1(ServiceConfig.java:330)
	at java.util.ArrayList.forEach(ArrayList.java:1257)
	at org.apache.dubbo.config.ServiceConfig.exported(ServiceConfig.java:325)
	at org.apache.dubbo.config.spring.ServiceBean.exported(ServiceBean.java:123)
	at org.apache.dubbo.config.ServiceConfig.doExport(ServiceConfig.java:454)
	at org.apache.dubbo.config.ServiceConfig.export(ServiceConfig.java:305)
	at org.apache.dubbo.config.deploy.DefaultModuleDeployer.exportServiceInternal(DefaultModuleDeployer.java:393)
	at org.apache.dubbo.config.deploy.DefaultModuleDeployer.exportServices(DefaultModuleDeployer.java:365)
	at org.apache.dubbo.config.deploy.DefaultModuleDeployer.startSync(DefaultModuleDeployer.java:164)
	at org.apache.dubbo.config.deploy.DefaultModuleDeployer.start(DefaultModuleDeployer.java:145)
	at org.apache.dubbo.config.spring.context.DubboDeployApplicationListener.onContextRefreshedEvent(DubboDeployApplicationListener.java:113)
	at org.apache.dubbo.config.spring.context.DubboDeployApplicationListener.onApplicationEvent(DubboDeployApplicationListener.java:102)
	at org.apache.dubbo.config.spring.context.DubboDeployApplicationListener.onApplicationEvent(DubboDeployApplicationListener.java:47)
	at org.springframework.context.event.SimpleApplicationEventMulticaster.doInvokeListener(SimpleApplicationEventMulticaster.java:176)
	at org.springframework.context.event.SimpleApplicationEventMulticaster.invokeListener(SimpleApplicationEventMulticaster.java:169)
	at org.springframework.context.event.SimpleApplicationEventMulticaster.multicastEvent(SimpleApplicationEventMulticaster.java:143)
	at org.springframework.context.support.AbstractApplicationContext.publishEvent(AbstractApplicationContext.java:421)
	at org.springframework.context.support.AbstractApplicationContext.publishEvent(AbstractApplicationContext.java:378)
	at org.springframework.context.support.AbstractApplicationContext.finishRefresh(AbstractApplicationContext.java:940)
	at org.springframework.context.support.AbstractApplicationContext.refresh(AbstractApplicationContext.java:586)
	at org.springframework.boot.SpringApplication.refresh(SpringApplication.java:731)
	at org.springframework.boot.SpringApplication.refreshContext(SpringApplication.java:408)
	at org.springframework.boot.SpringApplication.run(SpringApplication.java:307)
	at org.springframework.boot.SpringApplication.run(SpringApplication.java:1303)
	at org.springframework.boot.SpringApplication.run(SpringApplication.java:1292)
	at org.action.notice.NoticeApplication.main(NoticeApplication.java:17)
2025-12-01 13:43:13.871 [main] ERROR o.a.dubbo.config.deploy.DefaultApplicationDeployer -  [DUBBO] Dubbo Application[1.1](kd-notice) found failed module: Dubbo Module[1.1.1], dubbo version: 3.2.2, current host: 192.168.1.118, error code: 5-14. This may be caused by , go to https://dubbo.apache.org/faq/5/14 to find instructions. 
java.lang.NoSuchMethodError: com.alibaba.nacos.api.config.ConfigService.publishConfigCas(Ljava/lang/String;Ljava/lang/String;Ljava/lang/String;Ljava/lang/String;)Z
	at org.apache.dubbo.metadata.store.nacos.NacosConfigServiceWrapper.publishConfigCas(NacosConfigServiceWrapper.java:65)
	at org.apache.dubbo.metadata.store.nacos.NacosMetadataReport.registerServiceAppMapping(NacosMetadataReport.java:274)
	at org.apache.dubbo.registry.client.metadata.MetadataServiceNameMapping.map(MetadataServiceNameMapping.java:116)
	at org.apache.dubbo.config.ServiceConfig.mapServiceName(ServiceConfig.java:343)
	at org.apache.dubbo.config.ServiceConfig.lambda$exported$1(ServiceConfig.java:330)
	at java.util.ArrayList.forEach(ArrayList.java:1257)
	at org.apache.dubbo.config.ServiceConfig.exported(ServiceConfig.java:325)
	at org.apache.dubbo.config.spring.ServiceBean.exported(ServiceBean.java:123)
	at org.apache.dubbo.config.ServiceConfig.doExport(ServiceConfig.java:454)
	at org.apache.dubbo.config.ServiceConfig.export(ServiceConfig.java:305)
	at org.apache.dubbo.config.deploy.DefaultModuleDeployer.exportServiceInternal(DefaultModuleDeployer.java:393)
	at org.apache.dubbo.config.deploy.DefaultModuleDeployer.exportServices(DefaultModuleDeployer.java:365)
	at org.apache.dubbo.config.deploy.DefaultModuleDeployer.startSync(DefaultModuleDeployer.java:164)
	at org.apache.dubbo.config.deploy.DefaultModuleDeployer.start(DefaultModuleDeployer.java:145)
	at org.apache.dubbo.config.spring.context.DubboDeployApplicationListener.onContextRefreshedEvent(DubboDeployApplicationListener.java:113)
	at org.apache.dubbo.config.spring.context.DubboDeployApplicationListener.onApplicationEvent(DubboDeployApplicationListener.java:102)
	at org.apache.dubbo.config.spring.context.DubboDeployApplicationListener.onApplicationEvent(DubboDeployApplicationListener.java:47)
	at org.springframework.context.event.SimpleApplicationEventMulticaster.doInvokeListener(SimpleApplicationEventMulticaster.java:176)
	at org.springframework.context.event.SimpleApplicationEventMulticaster.invokeListener(SimpleApplicationEventMulticaster.java:169)
	at org.springframework.context.event.SimpleApplicationEventMulticaster.multicastEvent(SimpleApplicationEventMulticaster.java:143)
	at org.springframework.context.support.AbstractApplicationContext.publishEvent(AbstractApplicationContext.java:421)
	at org.springframework.context.support.AbstractApplicationContext.publishEvent(AbstractApplicationContext.java:378)
	at org.springframework.context.support.AbstractApplicationContext.finishRefresh(AbstractApplicationContext.java:940)
	at org.springframework.context.support.AbstractApplicationContext.refresh(AbstractApplicationContext.java:586)
	at org.springframework.boot.SpringApplication.refresh(SpringApplication.java:731)
	at org.springframework.boot.SpringApplication.refreshContext(SpringApplication.java:408)
	at org.springframework.boot.SpringApplication.run(SpringApplication.java:307)
	at org.springframework.boot.SpringApplication.run(SpringApplication.java:1303)
	at org.springframework.boot.SpringApplication.run(SpringApplication.java:1292)
	at org.action.notice.NoticeApplication.main(NoticeApplication.java:17)
2025-12-01 13:43:13.926 [main] ERROR o.s.b.diagnostics.LoggingFailureAnalysisReporter - 

***************************
APPLICATION FAILED TO START
***************************

Description:

An attempt was made to call a method that does not exist. The attempt was made from the following location:

    org.apache.dubbo.metadata.store.nacos.NacosConfigServiceWrapper.publishConfigCas(NacosConfigServiceWrapper.java:65)

The following method did not exist:

    com.alibaba.nacos.api.config.ConfigService.publishConfigCas(Ljava/lang/String;Ljava/lang/String;Ljava/lang/String;Ljava/lang/String;)Z

The calling method's class, org.apache.dubbo.metadata.store.nacos.NacosConfigServiceWrapper, was loaded from the following location:

    jar:file:/Users/gaozhiwei/maven/mvnstudy/org/apache/dubbo/dubbo/3.2.2/dubbo-3.2.2.jar!/org/apache/dubbo/metadata/store/nacos/NacosConfigServiceWrapper.class

The called method's class, com.alibaba.nacos.api.config.ConfigService, is available from the following locations:

    jar:file:/Users/gaozhiwei/maven/mvnstudy/com/alibaba/nacos/nacos-api/1.4.1/nacos-api-1.4.1.jar!/com/alibaba/nacos/api/config/ConfigService.class

The called method's class hierarchy was loaded from the following locations:

    com.alibaba.nacos.api.config.ConfigService: file:/Users/gaozhiwei/maven/mvnstudy/com/alibaba/nacos/nacos-api/1.4.1/nacos-api-1.4.1.jar


Action:

Correct the classpath of your application so that it contains compatible versions of the classes org.apache.dubbo.metadata.store.nacos.NacosConfigServiceWrapper and com.alibaba.nacos.api.config.ConfigService

2025-12-01 13:48:03.730 [main] ERROR o.apache.dubbo.config.deploy.DefaultModuleDeployer -  [DUBBO] Model start failed: Dubbo Module[1.1.1] start failed: java.lang.NoSuchMethodError: com.alibaba.nacos.api.config.ConfigService.publishConfigCas(Ljava/lang/String;Ljava/lang/String;Ljava/lang/String;Ljava/lang/String;)Z, dubbo version: 3.2.2, current host: 192.168.1.118, error code: 5-14. This may be caused by , go to https://dubbo.apache.org/faq/5/14 to find instructions. 
java.lang.NoSuchMethodError: com.alibaba.nacos.api.config.ConfigService.publishConfigCas(Ljava/lang/String;Ljava/lang/String;Ljava/lang/String;Ljava/lang/String;)Z
	at org.apache.dubbo.metadata.store.nacos.NacosConfigServiceWrapper.publishConfigCas(NacosConfigServiceWrapper.java:65)
	at org.apache.dubbo.metadata.store.nacos.NacosMetadataReport.registerServiceAppMapping(NacosMetadataReport.java:274)
	at org.apache.dubbo.registry.client.metadata.MetadataServiceNameMapping.map(MetadataServiceNameMapping.java:116)
	at org.apache.dubbo.config.ServiceConfig.mapServiceName(ServiceConfig.java:343)
	at org.apache.dubbo.config.ServiceConfig.lambda$exported$1(ServiceConfig.java:330)
	at java.util.ArrayList.forEach(ArrayList.java:1257)
	at org.apache.dubbo.config.ServiceConfig.exported(ServiceConfig.java:325)
	at org.apache.dubbo.config.spring.ServiceBean.exported(ServiceBean.java:123)
	at org.apache.dubbo.config.ServiceConfig.doExport(ServiceConfig.java:454)
	at org.apache.dubbo.config.ServiceConfig.export(ServiceConfig.java:305)
	at org.apache.dubbo.config.deploy.DefaultModuleDeployer.exportServiceInternal(DefaultModuleDeployer.java:393)
	at org.apache.dubbo.config.deploy.DefaultModuleDeployer.exportServices(DefaultModuleDeployer.java:365)
	at org.apache.dubbo.config.deploy.DefaultModuleDeployer.startSync(DefaultModuleDeployer.java:164)
	at org.apache.dubbo.config.deploy.DefaultModuleDeployer.start(DefaultModuleDeployer.java:145)
	at org.apache.dubbo.config.spring.context.DubboDeployApplicationListener.onContextRefreshedEvent(DubboDeployApplicationListener.java:113)
	at org.apache.dubbo.config.spring.context.DubboDeployApplicationListener.onApplicationEvent(DubboDeployApplicationListener.java:102)
	at org.apache.dubbo.config.spring.context.DubboDeployApplicationListener.onApplicationEvent(DubboDeployApplicationListener.java:47)
	at org.springframework.context.event.SimpleApplicationEventMulticaster.doInvokeListener(SimpleApplicationEventMulticaster.java:176)
	at org.springframework.context.event.SimpleApplicationEventMulticaster.invokeListener(SimpleApplicationEventMulticaster.java:169)
	at org.springframework.context.event.SimpleApplicationEventMulticaster.multicastEvent(SimpleApplicationEventMulticaster.java:143)
	at org.springframework.context.support.AbstractApplicationContext.publishEvent(AbstractApplicationContext.java:421)
	at org.springframework.context.support.AbstractApplicationContext.publishEvent(AbstractApplicationContext.java:378)
	at org.springframework.context.support.AbstractApplicationContext.finishRefresh(AbstractApplicationContext.java:940)
	at org.springframework.context.support.AbstractApplicationContext.refresh(AbstractApplicationContext.java:586)
	at org.springframework.boot.SpringApplication.refresh(SpringApplication.java:731)
	at org.springframework.boot.SpringApplication.refreshContext(SpringApplication.java:408)
	at org.springframework.boot.SpringApplication.run(SpringApplication.java:307)
	at org.springframework.boot.SpringApplication.run(SpringApplication.java:1303)
	at org.springframework.boot.SpringApplication.run(SpringApplication.java:1292)
	at org.action.notice.NoticeApplication.main(NoticeApplication.java:17)
2025-12-01 13:48:03.733 [main] ERROR o.a.dubbo.config.deploy.DefaultApplicationDeployer -  [DUBBO] Dubbo Application[1.1](kd-notice) found failed module: Dubbo Module[1.1.1], dubbo version: 3.2.2, current host: 192.168.1.118, error code: 5-14. This may be caused by , go to https://dubbo.apache.org/faq/5/14 to find instructions. 
java.lang.NoSuchMethodError: com.alibaba.nacos.api.config.ConfigService.publishConfigCas(Ljava/lang/String;Ljava/lang/String;Ljava/lang/String;Ljava/lang/String;)Z
	at org.apache.dubbo.metadata.store.nacos.NacosConfigServiceWrapper.publishConfigCas(NacosConfigServiceWrapper.java:65)
	at org.apache.dubbo.metadata.store.nacos.NacosMetadataReport.registerServiceAppMapping(NacosMetadataReport.java:274)
	at org.apache.dubbo.registry.client.metadata.MetadataServiceNameMapping.map(MetadataServiceNameMapping.java:116)
	at org.apache.dubbo.config.ServiceConfig.mapServiceName(ServiceConfig.java:343)
	at org.apache.dubbo.config.ServiceConfig.lambda$exported$1(ServiceConfig.java:330)
	at java.util.ArrayList.forEach(ArrayList.java:1257)
	at org.apache.dubbo.config.ServiceConfig.exported(ServiceConfig.java:325)
	at org.apache.dubbo.config.spring.ServiceBean.exported(ServiceBean.java:123)
	at org.apache.dubbo.config.ServiceConfig.doExport(ServiceConfig.java:454)
	at org.apache.dubbo.config.ServiceConfig.export(ServiceConfig.java:305)
	at org.apache.dubbo.config.deploy.DefaultModuleDeployer.exportServiceInternal(DefaultModuleDeployer.java:393)
	at org.apache.dubbo.config.deploy.DefaultModuleDeployer.exportServices(DefaultModuleDeployer.java:365)
	at org.apache.dubbo.config.deploy.DefaultModuleDeployer.startSync(DefaultModuleDeployer.java:164)
	at org.apache.dubbo.config.deploy.DefaultModuleDeployer.start(DefaultModuleDeployer.java:145)
	at org.apache.dubbo.config.spring.context.DubboDeployApplicationListener.onContextRefreshedEvent(DubboDeployApplicationListener.java:113)
	at org.apache.dubbo.config.spring.context.DubboDeployApplicationListener.onApplicationEvent(DubboDeployApplicationListener.java:102)
	at org.apache.dubbo.config.spring.context.DubboDeployApplicationListener.onApplicationEvent(DubboDeployApplicationListener.java:47)
	at org.springframework.context.event.SimpleApplicationEventMulticaster.doInvokeListener(SimpleApplicationEventMulticaster.java:176)
	at org.springframework.context.event.SimpleApplicationEventMulticaster.invokeListener(SimpleApplicationEventMulticaster.java:169)
	at org.springframework.context.event.SimpleApplicationEventMulticaster.multicastEvent(SimpleApplicationEventMulticaster.java:143)
	at org.springframework.context.support.AbstractApplicationContext.publishEvent(AbstractApplicationContext.java:421)
	at org.springframework.context.support.AbstractApplicationContext.publishEvent(AbstractApplicationContext.java:378)
	at org.springframework.context.support.AbstractApplicationContext.finishRefresh(AbstractApplicationContext.java:940)
	at org.springframework.context.support.AbstractApplicationContext.refresh(AbstractApplicationContext.java:586)
	at org.springframework.boot.SpringApplication.refresh(SpringApplication.java:731)
	at org.springframework.boot.SpringApplication.refreshContext(SpringApplication.java:408)
	at org.springframework.boot.SpringApplication.run(SpringApplication.java:307)
	at org.springframework.boot.SpringApplication.run(SpringApplication.java:1303)
	at org.springframework.boot.SpringApplication.run(SpringApplication.java:1292)
	at org.action.notice.NoticeApplication.main(NoticeApplication.java:17)
2025-12-01 13:48:03.779 [main] ERROR o.s.b.diagnostics.LoggingFailureAnalysisReporter - 

***************************
APPLICATION FAILED TO START
***************************

Description:

An attempt was made to call a method that does not exist. The attempt was made from the following location:

    org.apache.dubbo.metadata.store.nacos.NacosConfigServiceWrapper.publishConfigCas(NacosConfigServiceWrapper.java:65)

The following method did not exist:

    com.alibaba.nacos.api.config.ConfigService.publishConfigCas(Ljava/lang/String;Ljava/lang/String;Ljava/lang/String;Ljava/lang/String;)Z

The calling method's class, org.apache.dubbo.metadata.store.nacos.NacosConfigServiceWrapper, was loaded from the following location:

    jar:file:/Users/gaozhiwei/maven/mvnstudy/org/apache/dubbo/dubbo/3.2.2/dubbo-3.2.2.jar!/org/apache/dubbo/metadata/store/nacos/NacosConfigServiceWrapper.class

The called method's class, com.alibaba.nacos.api.config.ConfigService, is available from the following locations:

    jar:file:/Users/gaozhiwei/maven/mvnstudy/com/alibaba/nacos/nacos-api/1.4.1/nacos-api-1.4.1.jar!/com/alibaba/nacos/api/config/ConfigService.class

The called method's class hierarchy was loaded from the following locations:

    com.alibaba.nacos.api.config.ConfigService: file:/Users/gaozhiwei/maven/mvnstudy/com/alibaba/nacos/nacos-api/1.4.1/nacos-api-1.4.1.jar


Action:

Correct the classpath of your application so that it contains compatible versions of the classes org.apache.dubbo.metadata.store.nacos.NacosConfigServiceWrapper and com.alibaba.nacos.api.config.ConfigService

2025-12-01 13:49:51.751 [main] ERROR o.apache.dubbo.config.deploy.DefaultModuleDeployer -  [DUBBO] Model start failed: Dubbo Module[1.1.1] start failed: java.lang.NoSuchMethodError: com.alibaba.nacos.api.config.ConfigService.publishConfigCas(Ljava/lang/String;Ljava/lang/String;Ljava/lang/String;Ljava/lang/String;)Z, dubbo version: 3.2.2, current host: 192.168.1.118, error code: 5-14. This may be caused by , go to https://dubbo.apache.org/faq/5/14 to find instructions. 
java.lang.NoSuchMethodError: com.alibaba.nacos.api.config.ConfigService.publishConfigCas(Ljava/lang/String;Ljava/lang/String;Ljava/lang/String;Ljava/lang/String;)Z
	at org.apache.dubbo.metadata.store.nacos.NacosConfigServiceWrapper.publishConfigCas(NacosConfigServiceWrapper.java:65)
	at org.apache.dubbo.metadata.store.nacos.NacosMetadataReport.registerServiceAppMapping(NacosMetadataReport.java:274)
	at org.apache.dubbo.registry.client.metadata.MetadataServiceNameMapping.map(MetadataServiceNameMapping.java:116)
	at org.apache.dubbo.config.ServiceConfig.mapServiceName(ServiceConfig.java:343)
	at org.apache.dubbo.config.ServiceConfig.lambda$exported$1(ServiceConfig.java:330)
	at java.util.ArrayList.forEach(ArrayList.java:1257)
	at org.apache.dubbo.config.ServiceConfig.exported(ServiceConfig.java:325)
	at org.apache.dubbo.config.spring.ServiceBean.exported(ServiceBean.java:123)
	at org.apache.dubbo.config.ServiceConfig.doExport(ServiceConfig.java:454)
	at org.apache.dubbo.config.ServiceConfig.export(ServiceConfig.java:305)
	at org.apache.dubbo.config.deploy.DefaultModuleDeployer.exportServiceInternal(DefaultModuleDeployer.java:393)
	at org.apache.dubbo.config.deploy.DefaultModuleDeployer.exportServices(DefaultModuleDeployer.java:365)
	at org.apache.dubbo.config.deploy.DefaultModuleDeployer.startSync(DefaultModuleDeployer.java:164)
	at org.apache.dubbo.config.deploy.DefaultModuleDeployer.start(DefaultModuleDeployer.java:145)
	at org.apache.dubbo.config.spring.context.DubboDeployApplicationListener.onContextRefreshedEvent(DubboDeployApplicationListener.java:113)
	at org.apache.dubbo.config.spring.context.DubboDeployApplicationListener.onApplicationEvent(DubboDeployApplicationListener.java:102)
	at org.apache.dubbo.config.spring.context.DubboDeployApplicationListener.onApplicationEvent(DubboDeployApplicationListener.java:47)
	at org.springframework.context.event.SimpleApplicationEventMulticaster.doInvokeListener(SimpleApplicationEventMulticaster.java:176)
	at org.springframework.context.event.SimpleApplicationEventMulticaster.invokeListener(SimpleApplicationEventMulticaster.java:169)
	at org.springframework.context.event.SimpleApplicationEventMulticaster.multicastEvent(SimpleApplicationEventMulticaster.java:143)
	at org.springframework.context.support.AbstractApplicationContext.publishEvent(AbstractApplicationContext.java:421)
	at org.springframework.context.support.AbstractApplicationContext.publishEvent(AbstractApplicationContext.java:378)
	at org.springframework.context.support.AbstractApplicationContext.finishRefresh(AbstractApplicationContext.java:940)
	at org.springframework.context.support.AbstractApplicationContext.refresh(AbstractApplicationContext.java:586)
	at org.springframework.boot.SpringApplication.refresh(SpringApplication.java:731)
	at org.springframework.boot.SpringApplication.refreshContext(SpringApplication.java:408)
	at org.springframework.boot.SpringApplication.run(SpringApplication.java:307)
	at org.springframework.boot.SpringApplication.run(SpringApplication.java:1303)
	at org.springframework.boot.SpringApplication.run(SpringApplication.java:1292)
	at org.action.notice.NoticeApplication.main(NoticeApplication.java:17)
2025-12-01 13:49:51.753 [main] ERROR o.a.dubbo.config.deploy.DefaultApplicationDeployer -  [DUBBO] Dubbo Application[1.1](kd-notice) found failed module: Dubbo Module[1.1.1], dubbo version: 3.2.2, current host: 192.168.1.118, error code: 5-14. This may be caused by , go to https://dubbo.apache.org/faq/5/14 to find instructions. 
java.lang.NoSuchMethodError: com.alibaba.nacos.api.config.ConfigService.publishConfigCas(Ljava/lang/String;Ljava/lang/String;Ljava/lang/String;Ljava/lang/String;)Z
	at org.apache.dubbo.metadata.store.nacos.NacosConfigServiceWrapper.publishConfigCas(NacosConfigServiceWrapper.java:65)
	at org.apache.dubbo.metadata.store.nacos.NacosMetadataReport.registerServiceAppMapping(NacosMetadataReport.java:274)
	at org.apache.dubbo.registry.client.metadata.MetadataServiceNameMapping.map(MetadataServiceNameMapping.java:116)
	at org.apache.dubbo.config.ServiceConfig.mapServiceName(ServiceConfig.java:343)
	at org.apache.dubbo.config.ServiceConfig.lambda$exported$1(ServiceConfig.java:330)
	at java.util.ArrayList.forEach(ArrayList.java:1257)
	at org.apache.dubbo.config.ServiceConfig.exported(ServiceConfig.java:325)
	at org.apache.dubbo.config.spring.ServiceBean.exported(ServiceBean.java:123)
	at org.apache.dubbo.config.ServiceConfig.doExport(ServiceConfig.java:454)
	at org.apache.dubbo.config.ServiceConfig.export(ServiceConfig.java:305)
	at org.apache.dubbo.config.deploy.DefaultModuleDeployer.exportServiceInternal(DefaultModuleDeployer.java:393)
	at org.apache.dubbo.config.deploy.DefaultModuleDeployer.exportServices(DefaultModuleDeployer.java:365)
	at org.apache.dubbo.config.deploy.DefaultModuleDeployer.startSync(DefaultModuleDeployer.java:164)
	at org.apache.dubbo.config.deploy.DefaultModuleDeployer.start(DefaultModuleDeployer.java:145)
	at org.apache.dubbo.config.spring.context.DubboDeployApplicationListener.onContextRefreshedEvent(DubboDeployApplicationListener.java:113)
	at org.apache.dubbo.config.spring.context.DubboDeployApplicationListener.onApplicationEvent(DubboDeployApplicationListener.java:102)
	at org.apache.dubbo.config.spring.context.DubboDeployApplicationListener.onApplicationEvent(DubboDeployApplicationListener.java:47)
	at org.springframework.context.event.SimpleApplicationEventMulticaster.doInvokeListener(SimpleApplicationEventMulticaster.java:176)
	at org.springframework.context.event.SimpleApplicationEventMulticaster.invokeListener(SimpleApplicationEventMulticaster.java:169)
	at org.springframework.context.event.SimpleApplicationEventMulticaster.multicastEvent(SimpleApplicationEventMulticaster.java:143)
	at org.springframework.context.support.AbstractApplicationContext.publishEvent(AbstractApplicationContext.java:421)
	at org.springframework.context.support.AbstractApplicationContext.publishEvent(AbstractApplicationContext.java:378)
	at org.springframework.context.support.AbstractApplicationContext.finishRefresh(AbstractApplicationContext.java:940)
	at org.springframework.context.support.AbstractApplicationContext.refresh(AbstractApplicationContext.java:586)
	at org.springframework.boot.SpringApplication.refresh(SpringApplication.java:731)
	at org.springframework.boot.SpringApplication.refreshContext(SpringApplication.java:408)
	at org.springframework.boot.SpringApplication.run(SpringApplication.java:307)
	at org.springframework.boot.SpringApplication.run(SpringApplication.java:1303)
	at org.springframework.boot.SpringApplication.run(SpringApplication.java:1292)
	at org.action.notice.NoticeApplication.main(NoticeApplication.java:17)
2025-12-01 13:49:51.788 [main] ERROR o.s.b.diagnostics.LoggingFailureAnalysisReporter - 

***************************
APPLICATION FAILED TO START
***************************

Description:

An attempt was made to call a method that does not exist. The attempt was made from the following location:

    org.apache.dubbo.metadata.store.nacos.NacosConfigServiceWrapper.publishConfigCas(NacosConfigServiceWrapper.java:65)

The following method did not exist:

    com.alibaba.nacos.api.config.ConfigService.publishConfigCas(Ljava/lang/String;Ljava/lang/String;Ljava/lang/String;Ljava/lang/String;)Z

The calling method's class, org.apache.dubbo.metadata.store.nacos.NacosConfigServiceWrapper, was loaded from the following location:

    jar:file:/Users/gaozhiwei/maven/mvnstudy/org/apache/dubbo/dubbo/3.2.2/dubbo-3.2.2.jar!/org/apache/dubbo/metadata/store/nacos/NacosConfigServiceWrapper.class

The called method's class, com.alibaba.nacos.api.config.ConfigService, is available from the following locations:

    jar:file:/Users/gaozhiwei/maven/mvnstudy/com/alibaba/nacos/nacos-api/1.4.1/nacos-api-1.4.1.jar!/com/alibaba/nacos/api/config/ConfigService.class

The called method's class hierarchy was loaded from the following locations:

    com.alibaba.nacos.api.config.ConfigService: file:/Users/gaozhiwei/maven/mvnstudy/com/alibaba/nacos/nacos-api/1.4.1/nacos-api-1.4.1.jar


Action:

Correct the classpath of your application so that it contains compatible versions of the classes org.apache.dubbo.metadata.store.nacos.NacosConfigServiceWrapper and com.alibaba.nacos.api.config.ConfigService

