2025-11-30 19:33:38.701 [main] ERROR org.springframework.boot.SpringApplication - Application run failed
org.springframework.beans.factory.BeanCreationException: Error creating bean with name 'redissonAutoInit' defined in class path resource [com/alicp/jetcache/autoconfigure/RedissonAutoConfiguration.class]: Invocation of init method failed; nested exception is org.springframework.beans.factory.BeanCreationException: Error creating bean with name 'redisson' defined in class path resource [org/redisson/spring/starter/RedissonAutoConfigurationV2.class]: Bean instantiation via factory method failed; nested exception is org.springframework.beans.BeanInstantiationException: Failed to instantiate [org.redisson.api.RedissonClient]: Factory method 'redisson' threw exception; nested exception is org.redisson.client.RedisConnectionException: Unable to connect to Redis server: 127.0.0.1/127.0.0.1:6379
	at org.springframework.beans.factory.support.AbstractAutowireCapableBeanFactory.initializeBean(AbstractAutowireCapableBeanFactory.java:1804)
	at org.springframework.beans.factory.support.AbstractAutowireCapableBeanFactory.doCreateBean(AbstractAutowireCapableBeanFactory.java:620)
	at org.springframework.beans.factory.support.AbstractAutowireCapableBeanFactory.createBean(AbstractAutowireCapableBeanFactory.java:542)
	at org.springframework.beans.factory.support.AbstractBeanFactory.lambda$doGetBean$0(AbstractBeanFactory.java:335)
	at org.springframework.beans.factory.support.DefaultSingletonBeanRegistry.getSingleton(DefaultSingletonBeanRegistry.java:234)
	at org.springframework.beans.factory.support.AbstractBeanFactory.doGetBean(AbstractBeanFactory.java:333)
	at org.springframework.beans.factory.support.AbstractBeanFactory.getBean(AbstractBeanFactory.java:208)
	at org.springframework.beans.factory.support.DefaultListableBeanFactory.preInstantiateSingletons(DefaultListableBeanFactory.java:955)
	at org.springframework.context.support.AbstractApplicationContext.finishBeanFactoryInitialization(AbstractApplicationContext.java:920)
	at org.springframework.context.support.AbstractApplicationContext.refresh(AbstractApplicationContext.java:583)
	at org.springframework.boot.SpringApplication.refresh(SpringApplication.java:731)
	at org.springframework.boot.SpringApplication.refreshContext(SpringApplication.java:408)
	at org.springframework.boot.SpringApplication.run(SpringApplication.java:307)
	at org.springframework.boot.SpringApplication.run(SpringApplication.java:1303)
	at org.springframework.boot.SpringApplication.run(SpringApplication.java:1292)
	at org.action.notice.NoticeApplication.main(NoticeApplication.java:17)
Caused by: org.springframework.beans.factory.BeanCreationException: Error creating bean with name 'redisson' defined in class path resource [org/redisson/spring/starter/RedissonAutoConfigurationV2.class]: Bean instantiation via factory method failed; nested exception is org.springframework.beans.BeanInstantiationException: Failed to instantiate [org.redisson.api.RedissonClient]: Factory method 'redisson' threw exception; nested exception is org.redisson.client.RedisConnectionException: Unable to connect to Redis server: 127.0.0.1/127.0.0.1:6379
	at org.springframework.beans.factory.support.ConstructorResolver.instantiate(ConstructorResolver.java:658)
	at org.springframework.beans.factory.support.ConstructorResolver.instantiateUsingFactoryMethod(ConstructorResolver.java:486)
	at org.springframework.beans.factory.support.AbstractAutowireCapableBeanFactory.instantiateUsingFactoryMethod(AbstractAutowireCapableBeanFactory.java:1352)
	at org.springframework.beans.factory.support.AbstractAutowireCapableBeanFactory.createBeanInstance(AbstractAutowireCapableBeanFactory.java:1195)
	at org.springframework.beans.factory.support.AbstractAutowireCapableBeanFactory.doCreateBean(AbstractAutowireCapableBeanFactory.java:582)
	at org.springframework.beans.factory.support.AbstractAutowireCapableBeanFactory.createBean(AbstractAutowireCapableBeanFactory.java:542)
	at org.springframework.beans.factory.support.AbstractBeanFactory.lambda$doGetBean$0(AbstractBeanFactory.java:335)
	at org.springframework.beans.factory.support.DefaultSingletonBeanRegistry.getSingleton(DefaultSingletonBeanRegistry.java:234)
	at org.springframework.beans.factory.support.AbstractBeanFactory.doGetBean(AbstractBeanFactory.java:333)
	at org.springframework.beans.factory.support.AbstractBeanFactory.getBean(AbstractBeanFactory.java:208)
	at org.springframework.beans.factory.support.DefaultListableBeanFactory.getBeansOfType(DefaultListableBeanFactory.java:673)
	at org.springframework.beans.factory.support.DefaultListableBeanFactory.getBeansOfType(DefaultListableBeanFactory.java:661)
	at org.springframework.context.support.AbstractApplicationContext.getBeansOfType(AbstractApplicationContext.java:1302)
	at com.alicp.jetcache.autoconfigure.RedissonAutoConfiguration$RedissonAutoInit.initCache(RedissonAutoConfiguration.java:48)
	at com.alicp.jetcache.autoconfigure.AbstractCacheAutoInit.process(AbstractCacheAutoInit.java:75)
	at com.alicp.jetcache.autoconfigure.AbstractCacheAutoInit.afterPropertiesSet(AbstractCacheAutoInit.java:54)
	at org.springframework.beans.factory.support.AbstractAutowireCapableBeanFactory.invokeInitMethods(AbstractAutowireCapableBeanFactory.java:1863)
	at org.springframework.beans.factory.support.AbstractAutowireCapableBeanFactory.initializeBean(AbstractAutowireCapableBeanFactory.java:1800)
	... 15 common frames omitted
Caused by: org.springframework.beans.BeanInstantiationException: Failed to instantiate [org.redisson.api.RedissonClient]: Factory method 'redisson' threw exception; nested exception is org.redisson.client.RedisConnectionException: Unable to connect to Redis server: 127.0.0.1/127.0.0.1:6379
	at org.springframework.beans.factory.support.SimpleInstantiationStrategy.instantiate(SimpleInstantiationStrategy.java:185)
	at org.springframework.beans.factory.support.ConstructorResolver.instantiate(ConstructorResolver.java:653)
	... 32 common frames omitted
Caused by: org.redisson.client.RedisConnectionException: Unable to connect to Redis server: 127.0.0.1/127.0.0.1:6379
	at org.redisson.connection.pool.ConnectionPool.lambda$createConnection$0(ConnectionPool.java:129)
	at java.util.concurrent.CompletableFuture.uniWhenComplete(CompletableFuture.java:760)
	at java.util.concurrent.CompletableFuture$UniWhenComplete.tryFire(CompletableFuture.java:736)
	at java.util.concurrent.CompletableFuture.postComplete(CompletableFuture.java:474)
	at java.util.concurrent.CompletableFuture.completeExceptionally(CompletableFuture.java:1977)
	at org.redisson.connection.pool.ConnectionPool.promiseFailure(ConnectionPool.java:281)
	at org.redisson.connection.pool.ConnectionPool.lambda$createConnection$6(ConnectionPool.java:245)
	at java.util.concurrent.CompletableFuture.uniWhenComplete(CompletableFuture.java:760)
	at java.util.concurrent.CompletableFuture$UniWhenComplete.tryFire(CompletableFuture.java:736)
	at java.util.concurrent.CompletableFuture.postComplete(CompletableFuture.java:474)
	at java.util.concurrent.CompletableFuture.completeExceptionally(CompletableFuture.java:1977)
	at org.redisson.client.RedisClient$1$2.run(RedisClient.java:310)
	at io.netty.util.concurrent.AbstractEventExecutor.runTask(AbstractEventExecutor.java:174)
	at io.netty.util.concurrent.AbstractEventExecutor.safeExecute(AbstractEventExecutor.java:167)
	at io.netty.util.concurrent.SingleThreadEventExecutor.runAllTasks(SingleThreadEventExecutor.java:470)
	at io.netty.channel.nio.NioEventLoop.run(NioEventLoop.java:569)
	at io.netty.util.concurrent.SingleThreadEventExecutor$4.run(SingleThreadEventExecutor.java:997)
	at io.netty.util.internal.ThreadExecutorMap$2.run(ThreadExecutorMap.java:74)
	at io.netty.util.concurrent.FastThreadLocalRunnable.run(FastThreadLocalRunnable.java:30)
	at java.lang.Thread.run(Thread.java:748)
Caused by: java.util.concurrent.CompletionException: io.netty.channel.AbstractChannel$AnnotatedConnectException: Connection refused: 127.0.0.1/127.0.0.1:6379
	at java.util.concurrent.CompletableFuture.encodeRelay(CompletableFuture.java:326)
	at java.util.concurrent.CompletableFuture.completeRelay(CompletableFuture.java:338)
	at java.util.concurrent.CompletableFuture.uniRelay(CompletableFuture.java:911)
	at java.util.concurrent.CompletableFuture$UniRelay.tryFire(CompletableFuture.java:899)
	... 11 common frames omitted
Caused by: io.netty.channel.AbstractChannel$AnnotatedConnectException: Connection refused: 127.0.0.1/127.0.0.1:6379
Caused by: java.net.ConnectException: Connection refused
	at sun.nio.ch.SocketChannelImpl.checkConnect(Native Method)
	at sun.nio.ch.SocketChannelImpl.finishConnect(SocketChannelImpl.java:717)
	at io.netty.channel.socket.nio.NioSocketChannel.doFinishConnect(NioSocketChannel.java:337)
	at io.netty.channel.nio.AbstractNioChannel$AbstractNioUnsafe.finishConnect(AbstractNioChannel.java:334)
	at io.netty.channel.nio.NioEventLoop.processSelectedKey(NioEventLoop.java:776)
	at io.netty.channel.nio.NioEventLoop.processSelectedKeysOptimized(NioEventLoop.java:724)
	at io.netty.channel.nio.NioEventLoop.processSelectedKeys(NioEventLoop.java:650)
	at io.netty.channel.nio.NioEventLoop.run(NioEventLoop.java:562)
	at io.netty.util.concurrent.SingleThreadEventExecutor$4.run(SingleThreadEventExecutor.java:997)
	at io.netty.util.internal.ThreadExecutorMap$2.run(ThreadExecutorMap.java:74)
	at io.netty.util.concurrent.FastThreadLocalRunnable.run(FastThreadLocalRunnable.java:30)
	at java.lang.Thread.run(Thread.java:748)
2025-11-30 19:38:27.473 [main] ERROR org.springframework.boot.SpringApplication - Application run failed
org.springframework.beans.factory.BeanCreationException: Error creating bean with name 'redissonAutoInit' defined in class path resource [com/alicp/jetcache/autoconfigure/RedissonAutoConfiguration.class]: Invocation of init method failed; nested exception is org.springframework.beans.factory.BeanCreationException: Error creating bean with name 'redisson' defined in class path resource [org/redisson/spring/starter/RedissonAutoConfigurationV2.class]: Bean instantiation via factory method failed; nested exception is org.springframework.beans.BeanInstantiationException: Failed to instantiate [org.redisson.api.RedissonClient]: Factory method 'redisson' threw exception; nested exception is org.redisson.client.RedisConnectionException: Unable to connect to Redis server: 127.0.0.1/127.0.0.1:6379
	at org.springframework.beans.factory.support.AbstractAutowireCapableBeanFactory.initializeBean(AbstractAutowireCapableBeanFactory.java:1804)
	at org.springframework.beans.factory.support.AbstractAutowireCapableBeanFactory.doCreateBean(AbstractAutowireCapableBeanFactory.java:620)
	at org.springframework.beans.factory.support.AbstractAutowireCapableBeanFactory.createBean(AbstractAutowireCapableBeanFactory.java:542)
	at org.springframework.beans.factory.support.AbstractBeanFactory.lambda$doGetBean$0(AbstractBeanFactory.java:335)
	at org.springframework.beans.factory.support.DefaultSingletonBeanRegistry.getSingleton(DefaultSingletonBeanRegistry.java:234)
	at org.springframework.beans.factory.support.AbstractBeanFactory.doGetBean(AbstractBeanFactory.java:333)
	at org.springframework.beans.factory.support.AbstractBeanFactory.getBean(AbstractBeanFactory.java:208)
	at org.springframework.beans.factory.support.DefaultListableBeanFactory.preInstantiateSingletons(DefaultListableBeanFactory.java:955)
	at org.springframework.context.support.AbstractApplicationContext.finishBeanFactoryInitialization(AbstractApplicationContext.java:920)
	at org.springframework.context.support.AbstractApplicationContext.refresh(AbstractApplicationContext.java:583)
	at org.springframework.boot.SpringApplication.refresh(SpringApplication.java:731)
	at org.springframework.boot.SpringApplication.refreshContext(SpringApplication.java:408)
	at org.springframework.boot.SpringApplication.run(SpringApplication.java:307)
	at org.springframework.boot.SpringApplication.run(SpringApplication.java:1303)
	at org.springframework.boot.SpringApplication.run(SpringApplication.java:1292)
	at org.action.notice.NoticeApplication.main(NoticeApplication.java:17)
Caused by: org.springframework.beans.factory.BeanCreationException: Error creating bean with name 'redisson' defined in class path resource [org/redisson/spring/starter/RedissonAutoConfigurationV2.class]: Bean instantiation via factory method failed; nested exception is org.springframework.beans.BeanInstantiationException: Failed to instantiate [org.redisson.api.RedissonClient]: Factory method 'redisson' threw exception; nested exception is org.redisson.client.RedisConnectionException: Unable to connect to Redis server: 127.0.0.1/127.0.0.1:6379
	at org.springframework.beans.factory.support.ConstructorResolver.instantiate(ConstructorResolver.java:658)
	at org.springframework.beans.factory.support.ConstructorResolver.instantiateUsingFactoryMethod(ConstructorResolver.java:486)
	at org.springframework.beans.factory.support.AbstractAutowireCapableBeanFactory.instantiateUsingFactoryMethod(AbstractAutowireCapableBeanFactory.java:1352)
	at org.springframework.beans.factory.support.AbstractAutowireCapableBeanFactory.createBeanInstance(AbstractAutowireCapableBeanFactory.java:1195)
	at org.springframework.beans.factory.support.AbstractAutowireCapableBeanFactory.doCreateBean(AbstractAutowireCapableBeanFactory.java:582)
	at org.springframework.beans.factory.support.AbstractAutowireCapableBeanFactory.createBean(AbstractAutowireCapableBeanFactory.java:542)
	at org.springframework.beans.factory.support.AbstractBeanFactory.lambda$doGetBean$0(AbstractBeanFactory.java:335)
	at org.springframework.beans.factory.support.DefaultSingletonBeanRegistry.getSingleton(DefaultSingletonBeanRegistry.java:234)
	at org.springframework.beans.factory.support.AbstractBeanFactory.doGetBean(AbstractBeanFactory.java:333)
	at org.springframework.beans.factory.support.AbstractBeanFactory.getBean(AbstractBeanFactory.java:208)
	at org.springframework.beans.factory.support.DefaultListableBeanFactory.getBeansOfType(DefaultListableBeanFactory.java:673)
	at org.springframework.beans.factory.support.DefaultListableBeanFactory.getBeansOfType(DefaultListableBeanFactory.java:661)
	at org.springframework.context.support.AbstractApplicationContext.getBeansOfType(AbstractApplicationContext.java:1302)
	at com.alicp.jetcache.autoconfigure.RedissonAutoConfiguration$RedissonAutoInit.initCache(RedissonAutoConfiguration.java:48)
	at com.alicp.jetcache.autoconfigure.AbstractCacheAutoInit.process(AbstractCacheAutoInit.java:75)
	at com.alicp.jetcache.autoconfigure.AbstractCacheAutoInit.afterPropertiesSet(AbstractCacheAutoInit.java:54)
	at org.springframework.beans.factory.support.AbstractAutowireCapableBeanFactory.invokeInitMethods(AbstractAutowireCapableBeanFactory.java:1863)
	at org.springframework.beans.factory.support.AbstractAutowireCapableBeanFactory.initializeBean(AbstractAutowireCapableBeanFactory.java:1800)
	... 15 common frames omitted
Caused by: org.springframework.beans.BeanInstantiationException: Failed to instantiate [org.redisson.api.RedissonClient]: Factory method 'redisson' threw exception; nested exception is org.redisson.client.RedisConnectionException: Unable to connect to Redis server: 127.0.0.1/127.0.0.1:6379
	at org.springframework.beans.factory.support.SimpleInstantiationStrategy.instantiate(SimpleInstantiationStrategy.java:185)
	at org.springframework.beans.factory.support.ConstructorResolver.instantiate(ConstructorResolver.java:653)
	... 32 common frames omitted
Caused by: org.redisson.client.RedisConnectionException: Unable to connect to Redis server: 127.0.0.1/127.0.0.1:6379
	at org.redisson.connection.pool.ConnectionPool.lambda$createConnection$0(ConnectionPool.java:129)
	at java.util.concurrent.CompletableFuture.uniWhenComplete(CompletableFuture.java:760)
	at java.util.concurrent.CompletableFuture$UniWhenComplete.tryFire(CompletableFuture.java:736)
	at java.util.concurrent.CompletableFuture.postComplete(CompletableFuture.java:474)
	at java.util.concurrent.CompletableFuture.completeExceptionally(CompletableFuture.java:1977)
	at org.redisson.connection.pool.ConnectionPool.promiseFailure(ConnectionPool.java:281)
	at org.redisson.connection.pool.ConnectionPool.lambda$createConnection$6(ConnectionPool.java:245)
	at java.util.concurrent.CompletableFuture.uniWhenComplete(CompletableFuture.java:760)
	at java.util.concurrent.CompletableFuture$UniWhenComplete.tryFire(CompletableFuture.java:736)
	at java.util.concurrent.CompletableFuture.postComplete(CompletableFuture.java:474)
	at java.util.concurrent.CompletableFuture.completeExceptionally(CompletableFuture.java:1977)
	at org.redisson.client.RedisClient$1$2.run(RedisClient.java:310)
	at io.netty.util.concurrent.AbstractEventExecutor.runTask(AbstractEventExecutor.java:174)
	at io.netty.util.concurrent.AbstractEventExecutor.safeExecute(AbstractEventExecutor.java:167)
	at io.netty.util.concurrent.SingleThreadEventExecutor.runAllTasks(SingleThreadEventExecutor.java:470)
	at io.netty.channel.nio.NioEventLoop.run(NioEventLoop.java:569)
	at io.netty.util.concurrent.SingleThreadEventExecutor$4.run(SingleThreadEventExecutor.java:997)
	at io.netty.util.internal.ThreadExecutorMap$2.run(ThreadExecutorMap.java:74)
	at io.netty.util.concurrent.FastThreadLocalRunnable.run(FastThreadLocalRunnable.java:30)
	at java.lang.Thread.run(Thread.java:748)
Caused by: java.util.concurrent.CompletionException: io.netty.channel.AbstractChannel$AnnotatedConnectException: Connection refused: 127.0.0.1/127.0.0.1:6379
	at java.util.concurrent.CompletableFuture.encodeRelay(CompletableFuture.java:326)
	at java.util.concurrent.CompletableFuture.completeRelay(CompletableFuture.java:338)
	at java.util.concurrent.CompletableFuture.uniRelay(CompletableFuture.java:911)
	at java.util.concurrent.CompletableFuture$UniRelay.tryFire(CompletableFuture.java:899)
	... 11 common frames omitted
Caused by: io.netty.channel.AbstractChannel$AnnotatedConnectException: Connection refused: 127.0.0.1/127.0.0.1:6379
Caused by: java.net.ConnectException: Connection refused
	at sun.nio.ch.SocketChannelImpl.checkConnect(Native Method)
	at sun.nio.ch.SocketChannelImpl.finishConnect(SocketChannelImpl.java:717)
	at io.netty.channel.socket.nio.NioSocketChannel.doFinishConnect(NioSocketChannel.java:337)
	at io.netty.channel.nio.AbstractNioChannel$AbstractNioUnsafe.finishConnect(AbstractNioChannel.java:334)
	at io.netty.channel.nio.NioEventLoop.processSelectedKey(NioEventLoop.java:776)
	at io.netty.channel.nio.NioEventLoop.processSelectedKeysOptimized(NioEventLoop.java:724)
	at io.netty.channel.nio.NioEventLoop.processSelectedKeys(NioEventLoop.java:650)
	at io.netty.channel.nio.NioEventLoop.run(NioEventLoop.java:562)
	at io.netty.util.concurrent.SingleThreadEventExecutor$4.run(SingleThreadEventExecutor.java:997)
	at io.netty.util.internal.ThreadExecutorMap$2.run(ThreadExecutorMap.java:74)
	at io.netty.util.concurrent.FastThreadLocalRunnable.run(FastThreadLocalRunnable.java:30)
	at java.lang.Thread.run(Thread.java:748)
2025-11-30 19:57:54.366 [main] ERROR o.a.d.registry.nacos.util.NacosNamingServiceUtils -  [DUBBO] Failed to create nacos naming service client. Reason: server status check failed., dubbo version: 3.2.2, current host: 192.168.1.118, error code: 1-37. This may be caused by , go to https://dubbo.apache.org/faq/1/37 to find instructions. 
2025-11-30 19:57:54.374 [main] ERROR o.apache.dubbo.config.deploy.DefaultModuleDeployer -  [DUBBO] Model start failed: Dubbo Module[1.1.1] start failed: java.lang.RuntimeException: Can not create registry service-discovery-registry://127.0.0.1:8848/org.apache.dubbo.registry.RegistryService?application=kd-notice&dubbo=2.0.2&executor-management-mode=isolation&file-cache=true&group=dubbo&interface=org.apache.dubbo.registry.RegistryService&namespace=ae4c27ce-f248-498b-bfc4-1d68ad9986fe&pid=5352&qos.accept.foreign.ip=false&qos.enable=false&registry=nacos&release=3.2.2&serialize.check.status=WARN, dubbo version: 3.2.2, current host: 192.168.1.118, error code: 5-14. This may be caused by , go to https://dubbo.apache.org/faq/5/14 to find instructions. 
java.lang.RuntimeException: Can not create registry service-discovery-registry://127.0.0.1:8848/org.apache.dubbo.registry.RegistryService?application=kd-notice&dubbo=2.0.2&executor-management-mode=isolation&file-cache=true&group=dubbo&interface=org.apache.dubbo.registry.RegistryService&namespace=ae4c27ce-f248-498b-bfc4-1d68ad9986fe&pid=5352&qos.accept.foreign.ip=false&qos.enable=false&registry=nacos&release=3.2.2&serialize.check.status=WARN
	at org.apache.dubbo.registry.support.AbstractRegistryFactory.getRegistry(AbstractRegistryFactory.java:105)
	at org.apache.dubbo.registry.RegistryFactoryWrapper.getRegistry(RegistryFactoryWrapper.java:33)
	at org.apache.dubbo.registry.RegistryFactory$Adaptive.getRegistry(RegistryFactory$Adaptive.java)
	at org.apache.dubbo.registry.integration.RegistryProtocol.getRegistry(RegistryProtocol.java:414)
	at org.apache.dubbo.registry.integration.RegistryProtocol.export(RegistryProtocol.java:259)
	at org.apache.dubbo.rpc.protocol.ProtocolListenerWrapper.export(ProtocolListenerWrapper.java:66)
	at org.apache.dubbo.qos.protocol.QosProtocolWrapper.export(QosProtocolWrapper.java:80)
	at org.apache.dubbo.rpc.protocol.ProtocolSecurityWrapper.export(ProtocolSecurityWrapper.java:83)
	at org.apache.dubbo.rpc.cluster.filter.ProtocolFilterWrapper.export(ProtocolFilterWrapper.java:58)
	at org.apache.dubbo.rpc.protocol.ProtocolSerializationWrapper.export(ProtocolSerializationWrapper.java:47)
	at org.apache.dubbo.rpc.protocol.InvokerCountWrapper.export(InvokerCountWrapper.java:42)
	at org.apache.dubbo.rpc.Protocol$Adaptive.export(Protocol$Adaptive.java)
	at org.apache.dubbo.config.ServiceConfig.doExportUrl(ServiceConfig.java:803)
	at org.apache.dubbo.config.ServiceConfig.exportRemote(ServiceConfig.java:781)
	at org.apache.dubbo.config.ServiceConfig.exportUrl(ServiceConfig.java:722)
	at org.apache.dubbo.config.ServiceConfig.doExportUrlsFor1Protocol(ServiceConfig.java:514)
	at org.apache.dubbo.config.ServiceConfig.lambda$doExportUrls$5(ServiceConfig.java:493)
	at org.apache.dubbo.metrics.event.MetricsEventBus.post(MetricsEventBus.java:80)
	at org.apache.dubbo.metrics.event.MetricsEventBus.post(MetricsEventBus.java:62)
	at org.apache.dubbo.config.ServiceConfig.doExportUrls(ServiceConfig.java:482)
	at org.apache.dubbo.config.ServiceConfig.doExport(ServiceConfig.java:453)
	at org.apache.dubbo.config.ServiceConfig.export(ServiceConfig.java:305)
	at org.apache.dubbo.config.deploy.DefaultModuleDeployer.exportServiceInternal(DefaultModuleDeployer.java:393)
	at org.apache.dubbo.config.deploy.DefaultModuleDeployer.exportServices(DefaultModuleDeployer.java:365)
	at org.apache.dubbo.config.deploy.DefaultModuleDeployer.startSync(DefaultModuleDeployer.java:164)
	at org.apache.dubbo.config.deploy.DefaultModuleDeployer.start(DefaultModuleDeployer.java:145)
	at org.apache.dubbo.config.spring.context.DubboDeployApplicationListener.onContextRefreshedEvent(DubboDeployApplicationListener.java:113)
	at org.apache.dubbo.config.spring.context.DubboDeployApplicationListener.onApplicationEvent(DubboDeployApplicationListener.java:102)
	at org.apache.dubbo.config.spring.context.DubboDeployApplicationListener.onApplicationEvent(DubboDeployApplicationListener.java:47)
	at org.springframework.context.event.SimpleApplicationEventMulticaster.doInvokeListener(SimpleApplicationEventMulticaster.java:176)
	at org.springframework.context.event.SimpleApplicationEventMulticaster.invokeListener(SimpleApplicationEventMulticaster.java:169)
	at org.springframework.context.event.SimpleApplicationEventMulticaster.multicastEvent(SimpleApplicationEventMulticaster.java:143)
	at org.springframework.context.support.AbstractApplicationContext.publishEvent(AbstractApplicationContext.java:421)
	at org.springframework.context.support.AbstractApplicationContext.publishEvent(AbstractApplicationContext.java:378)
	at org.springframework.context.support.AbstractApplicationContext.finishRefresh(AbstractApplicationContext.java:940)
	at org.springframework.context.support.AbstractApplicationContext.refresh(AbstractApplicationContext.java:586)
	at org.springframework.boot.SpringApplication.refresh(SpringApplication.java:731)
	at org.springframework.boot.SpringApplication.refreshContext(SpringApplication.java:408)
	at org.springframework.boot.SpringApplication.run(SpringApplication.java:307)
	at org.springframework.boot.SpringApplication.run(SpringApplication.java:1303)
	at org.springframework.boot.SpringApplication.run(SpringApplication.java:1292)
	at org.action.notice.NoticeApplication.main(NoticeApplication.java:17)
Caused by: java.lang.IllegalStateException: Failed to create nacos naming service client. Reason: server status check failed.
	at org.apache.dubbo.registry.nacos.NacosConnectionManager.createNamingService(NacosConnectionManager.java:148)
	at org.apache.dubbo.registry.nacos.NacosConnectionManager.<init>(NacosConnectionManager.java:69)
	at org.apache.dubbo.registry.nacos.util.NacosNamingServiceUtils.createNamingService(NacosNamingServiceUtils.java:116)
	at org.apache.dubbo.registry.nacos.NacosServiceDiscovery.<init>(NacosServiceDiscovery.java:79)
	at org.apache.dubbo.registry.nacos.NacosServiceDiscoveryFactory.createDiscovery(NacosServiceDiscoveryFactory.java:27)
	at org.apache.dubbo.registry.client.AbstractServiceDiscoveryFactory.lambda$getServiceDiscovery$0(AbstractServiceDiscoveryFactory.java:54)
	at org.apache.dubbo.common.utils.ConcurrentHashMapUtils.computeIfAbsent(ConcurrentHashMapUtils.java:44)
	at org.apache.dubbo.registry.client.AbstractServiceDiscoveryFactory.getServiceDiscovery(AbstractServiceDiscoveryFactory.java:54)
	at org.apache.dubbo.registry.client.ServiceDiscoveryRegistry.getServiceDiscovery(ServiceDiscoveryRegistry.java:125)
	at org.apache.dubbo.registry.client.ServiceDiscoveryRegistry.createServiceDiscovery(ServiceDiscoveryRegistry.java:112)
	at org.apache.dubbo.registry.client.ServiceDiscoveryRegistry.<init>(ServiceDiscoveryRegistry.java:89)
	at org.apache.dubbo.registry.client.ServiceDiscoveryRegistryFactory.createRegistry(ServiceDiscoveryRegistryFactory.java:35)
	at org.apache.dubbo.registry.support.AbstractRegistryFactory.getRegistry(AbstractRegistryFactory.java:95)
	... 41 common frames omitted
2025-11-30 19:57:54.376 [main] ERROR o.a.dubbo.config.deploy.DefaultApplicationDeployer -  [DUBBO] Dubbo Application[1.1](kd-notice) found failed module: Dubbo Module[1.1.1], dubbo version: 3.2.2, current host: 192.168.1.118, error code: 5-14. This may be caused by , go to https://dubbo.apache.org/faq/5/14 to find instructions. 
java.lang.RuntimeException: Can not create registry service-discovery-registry://127.0.0.1:8848/org.apache.dubbo.registry.RegistryService?application=kd-notice&dubbo=2.0.2&executor-management-mode=isolation&file-cache=true&group=dubbo&interface=org.apache.dubbo.registry.RegistryService&namespace=ae4c27ce-f248-498b-bfc4-1d68ad9986fe&pid=5352&qos.accept.foreign.ip=false&qos.enable=false&registry=nacos&release=3.2.2&serialize.check.status=WARN
	at org.apache.dubbo.registry.support.AbstractRegistryFactory.getRegistry(AbstractRegistryFactory.java:105)
	at org.apache.dubbo.registry.RegistryFactoryWrapper.getRegistry(RegistryFactoryWrapper.java:33)
	at org.apache.dubbo.registry.RegistryFactory$Adaptive.getRegistry(RegistryFactory$Adaptive.java)
	at org.apache.dubbo.registry.integration.RegistryProtocol.getRegistry(RegistryProtocol.java:414)
	at org.apache.dubbo.registry.integration.RegistryProtocol.export(RegistryProtocol.java:259)
	at org.apache.dubbo.rpc.protocol.ProtocolListenerWrapper.export(ProtocolListenerWrapper.java:66)
	at org.apache.dubbo.qos.protocol.QosProtocolWrapper.export(QosProtocolWrapper.java:80)
	at org.apache.dubbo.rpc.protocol.ProtocolSecurityWrapper.export(ProtocolSecurityWrapper.java:83)
	at org.apache.dubbo.rpc.cluster.filter.ProtocolFilterWrapper.export(ProtocolFilterWrapper.java:58)
	at org.apache.dubbo.rpc.protocol.ProtocolSerializationWrapper.export(ProtocolSerializationWrapper.java:47)
	at org.apache.dubbo.rpc.protocol.InvokerCountWrapper.export(InvokerCountWrapper.java:42)
	at org.apache.dubbo.rpc.Protocol$Adaptive.export(Protocol$Adaptive.java)
	at org.apache.dubbo.config.ServiceConfig.doExportUrl(ServiceConfig.java:803)
	at org.apache.dubbo.config.ServiceConfig.exportRemote(ServiceConfig.java:781)
	at org.apache.dubbo.config.ServiceConfig.exportUrl(ServiceConfig.java:722)
	at org.apache.dubbo.config.ServiceConfig.doExportUrlsFor1Protocol(ServiceConfig.java:514)
	at org.apache.dubbo.config.ServiceConfig.lambda$doExportUrls$5(ServiceConfig.java:493)
	at org.apache.dubbo.metrics.event.MetricsEventBus.post(MetricsEventBus.java:80)
	at org.apache.dubbo.metrics.event.MetricsEventBus.post(MetricsEventBus.java:62)
	at org.apache.dubbo.config.ServiceConfig.doExportUrls(ServiceConfig.java:482)
	at org.apache.dubbo.config.ServiceConfig.doExport(ServiceConfig.java:453)
	at org.apache.dubbo.config.ServiceConfig.export(ServiceConfig.java:305)
	at org.apache.dubbo.config.deploy.DefaultModuleDeployer.exportServiceInternal(DefaultModuleDeployer.java:393)
	at org.apache.dubbo.config.deploy.DefaultModuleDeployer.exportServices(DefaultModuleDeployer.java:365)
	at org.apache.dubbo.config.deploy.DefaultModuleDeployer.startSync(DefaultModuleDeployer.java:164)
	at org.apache.dubbo.config.deploy.DefaultModuleDeployer.start(DefaultModuleDeployer.java:145)
	at org.apache.dubbo.config.spring.context.DubboDeployApplicationListener.onContextRefreshedEvent(DubboDeployApplicationListener.java:113)
	at org.apache.dubbo.config.spring.context.DubboDeployApplicationListener.onApplicationEvent(DubboDeployApplicationListener.java:102)
	at org.apache.dubbo.config.spring.context.DubboDeployApplicationListener.onApplicationEvent(DubboDeployApplicationListener.java:47)
	at org.springframework.context.event.SimpleApplicationEventMulticaster.doInvokeListener(SimpleApplicationEventMulticaster.java:176)
	at org.springframework.context.event.SimpleApplicationEventMulticaster.invokeListener(SimpleApplicationEventMulticaster.java:169)
	at org.springframework.context.event.SimpleApplicationEventMulticaster.multicastEvent(SimpleApplicationEventMulticaster.java:143)
	at org.springframework.context.support.AbstractApplicationContext.publishEvent(AbstractApplicationContext.java:421)
	at org.springframework.context.support.AbstractApplicationContext.publishEvent(AbstractApplicationContext.java:378)
	at org.springframework.context.support.AbstractApplicationContext.finishRefresh(AbstractApplicationContext.java:940)
	at org.springframework.context.support.AbstractApplicationContext.refresh(AbstractApplicationContext.java:586)
	at org.springframework.boot.SpringApplication.refresh(SpringApplication.java:731)
	at org.springframework.boot.SpringApplication.refreshContext(SpringApplication.java:408)
	at org.springframework.boot.SpringApplication.run(SpringApplication.java:307)
	at org.springframework.boot.SpringApplication.run(SpringApplication.java:1303)
	at org.springframework.boot.SpringApplication.run(SpringApplication.java:1292)
	at org.action.notice.NoticeApplication.main(NoticeApplication.java:17)
Caused by: java.lang.IllegalStateException: Failed to create nacos naming service client. Reason: server status check failed.
	at org.apache.dubbo.registry.nacos.NacosConnectionManager.createNamingService(NacosConnectionManager.java:148)
	at org.apache.dubbo.registry.nacos.NacosConnectionManager.<init>(NacosConnectionManager.java:69)
	at org.apache.dubbo.registry.nacos.util.NacosNamingServiceUtils.createNamingService(NacosNamingServiceUtils.java:116)
	at org.apache.dubbo.registry.nacos.NacosServiceDiscovery.<init>(NacosServiceDiscovery.java:79)
	at org.apache.dubbo.registry.nacos.NacosServiceDiscoveryFactory.createDiscovery(NacosServiceDiscoveryFactory.java:27)
	at org.apache.dubbo.registry.client.AbstractServiceDiscoveryFactory.lambda$getServiceDiscovery$0(AbstractServiceDiscoveryFactory.java:54)
	at org.apache.dubbo.common.utils.ConcurrentHashMapUtils.computeIfAbsent(ConcurrentHashMapUtils.java:44)
	at org.apache.dubbo.registry.client.AbstractServiceDiscoveryFactory.getServiceDiscovery(AbstractServiceDiscoveryFactory.java:54)
	at org.apache.dubbo.registry.client.ServiceDiscoveryRegistry.getServiceDiscovery(ServiceDiscoveryRegistry.java:125)
	at org.apache.dubbo.registry.client.ServiceDiscoveryRegistry.createServiceDiscovery(ServiceDiscoveryRegistry.java:112)
	at org.apache.dubbo.registry.client.ServiceDiscoveryRegistry.<init>(ServiceDiscoveryRegistry.java:89)
	at org.apache.dubbo.registry.client.ServiceDiscoveryRegistryFactory.createRegistry(ServiceDiscoveryRegistryFactory.java:35)
	at org.apache.dubbo.registry.support.AbstractRegistryFactory.getRegistry(AbstractRegistryFactory.java:95)
	... 41 common frames omitted
2025-11-30 19:57:54.441 [main] ERROR org.springframework.boot.SpringApplication - Application run failed
java.lang.RuntimeException: Can not create registry service-discovery-registry://127.0.0.1:8848/org.apache.dubbo.registry.RegistryService?application=kd-notice&dubbo=2.0.2&executor-management-mode=isolation&file-cache=true&group=dubbo&interface=org.apache.dubbo.registry.RegistryService&namespace=ae4c27ce-f248-498b-bfc4-1d68ad9986fe&pid=5352&qos.accept.foreign.ip=false&qos.enable=false&registry=nacos&release=3.2.2&serialize.check.status=WARN
	at org.apache.dubbo.registry.support.AbstractRegistryFactory.getRegistry(AbstractRegistryFactory.java:105)
	at org.apache.dubbo.registry.RegistryFactoryWrapper.getRegistry(RegistryFactoryWrapper.java:33)
	at org.apache.dubbo.registry.RegistryFactory$Adaptive.getRegistry(RegistryFactory$Adaptive.java)
	at org.apache.dubbo.registry.integration.RegistryProtocol.getRegistry(RegistryProtocol.java:414)
	at org.apache.dubbo.registry.integration.RegistryProtocol.export(RegistryProtocol.java:259)
	at org.apache.dubbo.rpc.protocol.ProtocolListenerWrapper.export(ProtocolListenerWrapper.java:66)
	at org.apache.dubbo.qos.protocol.QosProtocolWrapper.export(QosProtocolWrapper.java:80)
	at org.apache.dubbo.rpc.protocol.ProtocolSecurityWrapper.export(ProtocolSecurityWrapper.java:83)
	at org.apache.dubbo.rpc.cluster.filter.ProtocolFilterWrapper.export(ProtocolFilterWrapper.java:58)
	at org.apache.dubbo.rpc.protocol.ProtocolSerializationWrapper.export(ProtocolSerializationWrapper.java:47)
	at org.apache.dubbo.rpc.protocol.InvokerCountWrapper.export(InvokerCountWrapper.java:42)
	at org.apache.dubbo.rpc.Protocol$Adaptive.export(Protocol$Adaptive.java)
	at org.apache.dubbo.config.ServiceConfig.doExportUrl(ServiceConfig.java:803)
	at org.apache.dubbo.config.ServiceConfig.exportRemote(ServiceConfig.java:781)
	at org.apache.dubbo.config.ServiceConfig.exportUrl(ServiceConfig.java:722)
	at org.apache.dubbo.config.ServiceConfig.doExportUrlsFor1Protocol(ServiceConfig.java:514)
	at org.apache.dubbo.config.ServiceConfig.lambda$doExportUrls$5(ServiceConfig.java:493)
	at org.apache.dubbo.metrics.event.MetricsEventBus.post(MetricsEventBus.java:80)
	at org.apache.dubbo.metrics.event.MetricsEventBus.post(MetricsEventBus.java:62)
	at org.apache.dubbo.config.ServiceConfig.doExportUrls(ServiceConfig.java:482)
	at org.apache.dubbo.config.ServiceConfig.doExport(ServiceConfig.java:453)
	at org.apache.dubbo.config.ServiceConfig.export(ServiceConfig.java:305)
	at org.apache.dubbo.config.deploy.DefaultModuleDeployer.exportServiceInternal(DefaultModuleDeployer.java:393)
	at org.apache.dubbo.config.deploy.DefaultModuleDeployer.exportServices(DefaultModuleDeployer.java:365)
	at org.apache.dubbo.config.deploy.DefaultModuleDeployer.startSync(DefaultModuleDeployer.java:164)
	at org.apache.dubbo.config.deploy.DefaultModuleDeployer.start(DefaultModuleDeployer.java:145)
	at org.apache.dubbo.config.spring.context.DubboDeployApplicationListener.onContextRefreshedEvent(DubboDeployApplicationListener.java:113)
	at org.apache.dubbo.config.spring.context.DubboDeployApplicationListener.onApplicationEvent(DubboDeployApplicationListener.java:102)
	at org.apache.dubbo.config.spring.context.DubboDeployApplicationListener.onApplicationEvent(DubboDeployApplicationListener.java:47)
	at org.springframework.context.event.SimpleApplicationEventMulticaster.doInvokeListener(SimpleApplicationEventMulticaster.java:176)
	at org.springframework.context.event.SimpleApplicationEventMulticaster.invokeListener(SimpleApplicationEventMulticaster.java:169)
	at org.springframework.context.event.SimpleApplicationEventMulticaster.multicastEvent(SimpleApplicationEventMulticaster.java:143)
	at org.springframework.context.support.AbstractApplicationContext.publishEvent(AbstractApplicationContext.java:421)
	at org.springframework.context.support.AbstractApplicationContext.publishEvent(AbstractApplicationContext.java:378)
	at org.springframework.context.support.AbstractApplicationContext.finishRefresh(AbstractApplicationContext.java:940)
	at org.springframework.context.support.AbstractApplicationContext.refresh(AbstractApplicationContext.java:586)
	at org.springframework.boot.SpringApplication.refresh(SpringApplication.java:731)
	at org.springframework.boot.SpringApplication.refreshContext(SpringApplication.java:408)
	at org.springframework.boot.SpringApplication.run(SpringApplication.java:307)
	at org.springframework.boot.SpringApplication.run(SpringApplication.java:1303)
	at org.springframework.boot.SpringApplication.run(SpringApplication.java:1292)
	at org.action.notice.NoticeApplication.main(NoticeApplication.java:17)
Caused by: java.lang.IllegalStateException: Failed to create nacos naming service client. Reason: server status check failed.
	at org.apache.dubbo.registry.nacos.NacosConnectionManager.createNamingService(NacosConnectionManager.java:148)
	at org.apache.dubbo.registry.nacos.NacosConnectionManager.<init>(NacosConnectionManager.java:69)
	at org.apache.dubbo.registry.nacos.util.NacosNamingServiceUtils.createNamingService(NacosNamingServiceUtils.java:116)
	at org.apache.dubbo.registry.nacos.NacosServiceDiscovery.<init>(NacosServiceDiscovery.java:79)
	at org.apache.dubbo.registry.nacos.NacosServiceDiscoveryFactory.createDiscovery(NacosServiceDiscoveryFactory.java:27)
	at org.apache.dubbo.registry.client.AbstractServiceDiscoveryFactory.lambda$getServiceDiscovery$0(AbstractServiceDiscoveryFactory.java:54)
	at org.apache.dubbo.common.utils.ConcurrentHashMapUtils.computeIfAbsent(ConcurrentHashMapUtils.java:44)
	at org.apache.dubbo.registry.client.AbstractServiceDiscoveryFactory.getServiceDiscovery(AbstractServiceDiscoveryFactory.java:54)
	at org.apache.dubbo.registry.client.ServiceDiscoveryRegistry.getServiceDiscovery(ServiceDiscoveryRegistry.java:125)
	at org.apache.dubbo.registry.client.ServiceDiscoveryRegistry.createServiceDiscovery(ServiceDiscoveryRegistry.java:112)
	at org.apache.dubbo.registry.client.ServiceDiscoveryRegistry.<init>(ServiceDiscoveryRegistry.java:89)
	at org.apache.dubbo.registry.client.ServiceDiscoveryRegistryFactory.createRegistry(ServiceDiscoveryRegistryFactory.java:35)
	at org.apache.dubbo.registry.support.AbstractRegistryFactory.getRegistry(AbstractRegistryFactory.java:95)
	... 41 common frames omitted
2025-11-30 19:59:03.291 [main] ERROR o.a.d.registry.nacos.util.NacosNamingServiceUtils -  [DUBBO] Failed to create nacos naming service client. Reason: server status check failed., dubbo version: 3.2.2, current host: 192.168.1.118, error code: 1-37. This may be caused by , go to https://dubbo.apache.org/faq/1/37 to find instructions. 
2025-11-30 21:20:16.739 [main] ERROR o.apache.dubbo.config.deploy.DefaultModuleDeployer -  [DUBBO] Model start failed: Dubbo Module[1.1.1] start failed: java.lang.NoSuchMethodError: com.alibaba.nacos.api.config.ConfigService.publishConfigCas(Ljava/lang/String;Ljava/lang/String;Ljava/lang/String;Ljava/lang/String;)Z, dubbo version: 3.2.2, current host: 192.168.1.118, error code: 5-14. This may be caused by , go to https://dubbo.apache.org/faq/5/14 to find instructions. 
java.lang.NoSuchMethodError: com.alibaba.nacos.api.config.ConfigService.publishConfigCas(Ljava/lang/String;Ljava/lang/String;Ljava/lang/String;Ljava/lang/String;)Z
	at org.apache.dubbo.metadata.store.nacos.NacosConfigServiceWrapper.publishConfigCas(NacosConfigServiceWrapper.java:65)
	at org.apache.dubbo.metadata.store.nacos.NacosMetadataReport.registerServiceAppMapping(NacosMetadataReport.java:274)
	at org.apache.dubbo.registry.client.metadata.MetadataServiceNameMapping.map(MetadataServiceNameMapping.java:116)
	at org.apache.dubbo.config.ServiceConfig.mapServiceName(ServiceConfig.java:343)
	at org.apache.dubbo.config.ServiceConfig.lambda$exported$1(ServiceConfig.java:330)
	at java.util.ArrayList.forEach(ArrayList.java:1257)
	at org.apache.dubbo.config.ServiceConfig.exported(ServiceConfig.java:325)
	at org.apache.dubbo.config.spring.ServiceBean.exported(ServiceBean.java:123)
	at org.apache.dubbo.config.ServiceConfig.doExport(ServiceConfig.java:454)
	at org.apache.dubbo.config.ServiceConfig.export(ServiceConfig.java:305)
	at org.apache.dubbo.config.deploy.DefaultModuleDeployer.exportServiceInternal(DefaultModuleDeployer.java:393)
	at org.apache.dubbo.config.deploy.DefaultModuleDeployer.exportServices(DefaultModuleDeployer.java:365)
	at org.apache.dubbo.config.deploy.DefaultModuleDeployer.startSync(DefaultModuleDeployer.java:164)
	at org.apache.dubbo.config.deploy.DefaultModuleDeployer.start(DefaultModuleDeployer.java:145)
	at org.apache.dubbo.config.spring.context.DubboDeployApplicationListener.onContextRefreshedEvent(DubboDeployApplicationListener.java:113)
	at org.apache.dubbo.config.spring.context.DubboDeployApplicationListener.onApplicationEvent(DubboDeployApplicationListener.java:102)
	at org.apache.dubbo.config.spring.context.DubboDeployApplicationListener.onApplicationEvent(DubboDeployApplicationListener.java:47)
	at org.springframework.context.event.SimpleApplicationEventMulticaster.doInvokeListener(SimpleApplicationEventMulticaster.java:176)
	at org.springframework.context.event.SimpleApplicationEventMulticaster.invokeListener(SimpleApplicationEventMulticaster.java:169)
	at org.springframework.context.event.SimpleApplicationEventMulticaster.multicastEvent(SimpleApplicationEventMulticaster.java:143)
	at org.springframework.context.support.AbstractApplicationContext.publishEvent(AbstractApplicationContext.java:421)
	at org.springframework.context.support.AbstractApplicationContext.publishEvent(AbstractApplicationContext.java:378)
	at org.springframework.context.support.AbstractApplicationContext.finishRefresh(AbstractApplicationContext.java:940)
	at org.springframework.context.support.AbstractApplicationContext.refresh(AbstractApplicationContext.java:586)
	at org.springframework.boot.SpringApplication.refresh(SpringApplication.java:731)
	at org.springframework.boot.SpringApplication.refreshContext(SpringApplication.java:408)
	at org.springframework.boot.SpringApplication.run(SpringApplication.java:307)
	at org.springframework.boot.SpringApplication.run(SpringApplication.java:1303)
	at org.springframework.boot.SpringApplication.run(SpringApplication.java:1292)
	at org.action.notice.NoticeApplication.main(NoticeApplication.java:17)
2025-11-30 21:20:16.740 [main] ERROR o.a.dubbo.config.deploy.DefaultApplicationDeployer -  [DUBBO] Dubbo Application[1.1](kd-notice) found failed module: Dubbo Module[1.1.1], dubbo version: 3.2.2, current host: 192.168.1.118, error code: 5-14. This may be caused by , go to https://dubbo.apache.org/faq/5/14 to find instructions. 
java.lang.NoSuchMethodError: com.alibaba.nacos.api.config.ConfigService.publishConfigCas(Ljava/lang/String;Ljava/lang/String;Ljava/lang/String;Ljava/lang/String;)Z
	at org.apache.dubbo.metadata.store.nacos.NacosConfigServiceWrapper.publishConfigCas(NacosConfigServiceWrapper.java:65)
	at org.apache.dubbo.metadata.store.nacos.NacosMetadataReport.registerServiceAppMapping(NacosMetadataReport.java:274)
	at org.apache.dubbo.registry.client.metadata.MetadataServiceNameMapping.map(MetadataServiceNameMapping.java:116)
	at org.apache.dubbo.config.ServiceConfig.mapServiceName(ServiceConfig.java:343)
	at org.apache.dubbo.config.ServiceConfig.lambda$exported$1(ServiceConfig.java:330)
	at java.util.ArrayList.forEach(ArrayList.java:1257)
	at org.apache.dubbo.config.ServiceConfig.exported(ServiceConfig.java:325)
	at org.apache.dubbo.config.spring.ServiceBean.exported(ServiceBean.java:123)
	at org.apache.dubbo.config.ServiceConfig.doExport(ServiceConfig.java:454)
	at org.apache.dubbo.config.ServiceConfig.export(ServiceConfig.java:305)
	at org.apache.dubbo.config.deploy.DefaultModuleDeployer.exportServiceInternal(DefaultModuleDeployer.java:393)
	at org.apache.dubbo.config.deploy.DefaultModuleDeployer.exportServices(DefaultModuleDeployer.java:365)
	at org.apache.dubbo.config.deploy.DefaultModuleDeployer.startSync(DefaultModuleDeployer.java:164)
	at org.apache.dubbo.config.deploy.DefaultModuleDeployer.start(DefaultModuleDeployer.java:145)
	at org.apache.dubbo.config.spring.context.DubboDeployApplicationListener.onContextRefreshedEvent(DubboDeployApplicationListener.java:113)
	at org.apache.dubbo.config.spring.context.DubboDeployApplicationListener.onApplicationEvent(DubboDeployApplicationListener.java:102)
	at org.apache.dubbo.config.spring.context.DubboDeployApplicationListener.onApplicationEvent(DubboDeployApplicationListener.java:47)
	at org.springframework.context.event.SimpleApplicationEventMulticaster.doInvokeListener(SimpleApplicationEventMulticaster.java:176)
	at org.springframework.context.event.SimpleApplicationEventMulticaster.invokeListener(SimpleApplicationEventMulticaster.java:169)
	at org.springframework.context.event.SimpleApplicationEventMulticaster.multicastEvent(SimpleApplicationEventMulticaster.java:143)
	at org.springframework.context.support.AbstractApplicationContext.publishEvent(AbstractApplicationContext.java:421)
	at org.springframework.context.support.AbstractApplicationContext.publishEvent(AbstractApplicationContext.java:378)
	at org.springframework.context.support.AbstractApplicationContext.finishRefresh(AbstractApplicationContext.java:940)
	at org.springframework.context.support.AbstractApplicationContext.refresh(AbstractApplicationContext.java:586)
	at org.springframework.boot.SpringApplication.refresh(SpringApplication.java:731)
	at org.springframework.boot.SpringApplication.refreshContext(SpringApplication.java:408)
	at org.springframework.boot.SpringApplication.run(SpringApplication.java:307)
	at org.springframework.boot.SpringApplication.run(SpringApplication.java:1303)
	at org.springframework.boot.SpringApplication.run(SpringApplication.java:1292)
	at org.action.notice.NoticeApplication.main(NoticeApplication.java:17)
2025-11-30 21:20:16.781 [main] ERROR o.s.b.diagnostics.LoggingFailureAnalysisReporter - 

***************************
APPLICATION FAILED TO START
***************************

Description:

An attempt was made to call a method that does not exist. The attempt was made from the following location:

    org.apache.dubbo.metadata.store.nacos.NacosConfigServiceWrapper.publishConfigCas(NacosConfigServiceWrapper.java:65)

The following method did not exist:

    com.alibaba.nacos.api.config.ConfigService.publishConfigCas(Ljava/lang/String;Ljava/lang/String;Ljava/lang/String;Ljava/lang/String;)Z

The calling method's class, org.apache.dubbo.metadata.store.nacos.NacosConfigServiceWrapper, was loaded from the following location:

    jar:file:/Users/gaozhiwei/maven/mvnstudy/org/apache/dubbo/dubbo/3.2.2/dubbo-3.2.2.jar!/org/apache/dubbo/metadata/store/nacos/NacosConfigServiceWrapper.class

The called method's class, com.alibaba.nacos.api.config.ConfigService, is available from the following locations:

    jar:file:/Users/gaozhiwei/maven/mvnstudy/com/alibaba/nacos/nacos-api/1.4.1/nacos-api-1.4.1.jar!/com/alibaba/nacos/api/config/ConfigService.class

The called method's class hierarchy was loaded from the following locations:

    com.alibaba.nacos.api.config.ConfigService: file:/Users/gaozhiwei/maven/mvnstudy/com/alibaba/nacos/nacos-api/1.4.1/nacos-api-1.4.1.jar


Action:

Correct the classpath of your application so that it contains compatible versions of the classes org.apache.dubbo.metadata.store.nacos.NacosConfigServiceWrapper and com.alibaba.nacos.api.config.ConfigService

2025-11-30 21:44:34.492 [main] ERROR o.apache.dubbo.config.deploy.DefaultModuleDeployer -  [DUBBO] Model start failed: Dubbo Module[1.1.1] start failed: java.lang.NoSuchMethodError: com.alibaba.nacos.api.config.ConfigService.publishConfigCas(Ljava/lang/String;Ljava/lang/String;Ljava/lang/String;Ljava/lang/String;)Z, dubbo version: 3.2.2, current host: 192.168.1.118, error code: 5-14. This may be caused by , go to https://dubbo.apache.org/faq/5/14 to find instructions. 
java.lang.NoSuchMethodError: com.alibaba.nacos.api.config.ConfigService.publishConfigCas(Ljava/lang/String;Ljava/lang/String;Ljava/lang/String;Ljava/lang/String;)Z
	at org.apache.dubbo.metadata.store.nacos.NacosConfigServiceWrapper.publishConfigCas(NacosConfigServiceWrapper.java:65)
	at org.apache.dubbo.metadata.store.nacos.NacosMetadataReport.registerServiceAppMapping(NacosMetadataReport.java:274)
	at org.apache.dubbo.registry.client.metadata.MetadataServiceNameMapping.map(MetadataServiceNameMapping.java:116)
	at org.apache.dubbo.config.ServiceConfig.mapServiceName(ServiceConfig.java:343)
	at org.apache.dubbo.config.ServiceConfig.lambda$exported$1(ServiceConfig.java:330)
	at java.util.ArrayList.forEach(ArrayList.java:1257)
	at org.apache.dubbo.config.ServiceConfig.exported(ServiceConfig.java:325)
	at org.apache.dubbo.config.spring.ServiceBean.exported(ServiceBean.java:123)
	at org.apache.dubbo.config.ServiceConfig.doExport(ServiceConfig.java:454)
	at org.apache.dubbo.config.ServiceConfig.export(ServiceConfig.java:305)
	at org.apache.dubbo.config.deploy.DefaultModuleDeployer.exportServiceInternal(DefaultModuleDeployer.java:393)
	at org.apache.dubbo.config.deploy.DefaultModuleDeployer.exportServices(DefaultModuleDeployer.java:365)
	at org.apache.dubbo.config.deploy.DefaultModuleDeployer.startSync(DefaultModuleDeployer.java:164)
	at org.apache.dubbo.config.deploy.DefaultModuleDeployer.start(DefaultModuleDeployer.java:145)
	at org.apache.dubbo.config.spring.context.DubboDeployApplicationListener.onContextRefreshedEvent(DubboDeployApplicationListener.java:113)
	at org.apache.dubbo.config.spring.context.DubboDeployApplicationListener.onApplicationEvent(DubboDeployApplicationListener.java:102)
	at org.apache.dubbo.config.spring.context.DubboDeployApplicationListener.onApplicationEvent(DubboDeployApplicationListener.java:47)
	at org.springframework.context.event.SimpleApplicationEventMulticaster.doInvokeListener(SimpleApplicationEventMulticaster.java:176)
	at org.springframework.context.event.SimpleApplicationEventMulticaster.invokeListener(SimpleApplicationEventMulticaster.java:169)
	at org.springframework.context.event.SimpleApplicationEventMulticaster.multicastEvent(SimpleApplicationEventMulticaster.java:143)
	at org.springframework.context.support.AbstractApplicationContext.publishEvent(AbstractApplicationContext.java:421)
	at org.springframework.context.support.AbstractApplicationContext.publishEvent(AbstractApplicationContext.java:378)
	at org.springframework.context.support.AbstractApplicationContext.finishRefresh(AbstractApplicationContext.java:940)
	at org.springframework.context.support.AbstractApplicationContext.refresh(AbstractApplicationContext.java:586)
	at org.springframework.boot.SpringApplication.refresh(SpringApplication.java:731)
	at org.springframework.boot.SpringApplication.refreshContext(SpringApplication.java:408)
	at org.springframework.boot.SpringApplication.run(SpringApplication.java:307)
	at org.springframework.boot.SpringApplication.run(SpringApplication.java:1303)
	at org.springframework.boot.SpringApplication.run(SpringApplication.java:1292)
	at org.action.notice.NoticeApplication.main(NoticeApplication.java:17)
2025-11-30 21:44:34.494 [main] ERROR o.a.dubbo.config.deploy.DefaultApplicationDeployer -  [DUBBO] Dubbo Application[1.1](kd-notice) found failed module: Dubbo Module[1.1.1], dubbo version: 3.2.2, current host: 192.168.1.118, error code: 5-14. This may be caused by , go to https://dubbo.apache.org/faq/5/14 to find instructions. 
java.lang.NoSuchMethodError: com.alibaba.nacos.api.config.ConfigService.publishConfigCas(Ljava/lang/String;Ljava/lang/String;Ljava/lang/String;Ljava/lang/String;)Z
	at org.apache.dubbo.metadata.store.nacos.NacosConfigServiceWrapper.publishConfigCas(NacosConfigServiceWrapper.java:65)
	at org.apache.dubbo.metadata.store.nacos.NacosMetadataReport.registerServiceAppMapping(NacosMetadataReport.java:274)
	at org.apache.dubbo.registry.client.metadata.MetadataServiceNameMapping.map(MetadataServiceNameMapping.java:116)
	at org.apache.dubbo.config.ServiceConfig.mapServiceName(ServiceConfig.java:343)
	at org.apache.dubbo.config.ServiceConfig.lambda$exported$1(ServiceConfig.java:330)
	at java.util.ArrayList.forEach(ArrayList.java:1257)
	at org.apache.dubbo.config.ServiceConfig.exported(ServiceConfig.java:325)
	at org.apache.dubbo.config.spring.ServiceBean.exported(ServiceBean.java:123)
	at org.apache.dubbo.config.ServiceConfig.doExport(ServiceConfig.java:454)
	at org.apache.dubbo.config.ServiceConfig.export(ServiceConfig.java:305)
	at org.apache.dubbo.config.deploy.DefaultModuleDeployer.exportServiceInternal(DefaultModuleDeployer.java:393)
	at org.apache.dubbo.config.deploy.DefaultModuleDeployer.exportServices(DefaultModuleDeployer.java:365)
	at org.apache.dubbo.config.deploy.DefaultModuleDeployer.startSync(DefaultModuleDeployer.java:164)
	at org.apache.dubbo.config.deploy.DefaultModuleDeployer.start(DefaultModuleDeployer.java:145)
	at org.apache.dubbo.config.spring.context.DubboDeployApplicationListener.onContextRefreshedEvent(DubboDeployApplicationListener.java:113)
	at org.apache.dubbo.config.spring.context.DubboDeployApplicationListener.onApplicationEvent(DubboDeployApplicationListener.java:102)
	at org.apache.dubbo.config.spring.context.DubboDeployApplicationListener.onApplicationEvent(DubboDeployApplicationListener.java:47)
	at org.springframework.context.event.SimpleApplicationEventMulticaster.doInvokeListener(SimpleApplicationEventMulticaster.java:176)
	at org.springframework.context.event.SimpleApplicationEventMulticaster.invokeListener(SimpleApplicationEventMulticaster.java:169)
	at org.springframework.context.event.SimpleApplicationEventMulticaster.multicastEvent(SimpleApplicationEventMulticaster.java:143)
	at org.springframework.context.support.AbstractApplicationContext.publishEvent(AbstractApplicationContext.java:421)
	at org.springframework.context.support.AbstractApplicationContext.publishEvent(AbstractApplicationContext.java:378)
	at org.springframework.context.support.AbstractApplicationContext.finishRefresh(AbstractApplicationContext.java:940)
	at org.springframework.context.support.AbstractApplicationContext.refresh(AbstractApplicationContext.java:586)
	at org.springframework.boot.SpringApplication.refresh(SpringApplication.java:731)
	at org.springframework.boot.SpringApplication.refreshContext(SpringApplication.java:408)
	at org.springframework.boot.SpringApplication.run(SpringApplication.java:307)
	at org.springframework.boot.SpringApplication.run(SpringApplication.java:1303)
	at org.springframework.boot.SpringApplication.run(SpringApplication.java:1292)
	at org.action.notice.NoticeApplication.main(NoticeApplication.java:17)
2025-11-30 21:44:34.545 [main] ERROR o.s.b.diagnostics.LoggingFailureAnalysisReporter - 

***************************
APPLICATION FAILED TO START
***************************

Description:

An attempt was made to call a method that does not exist. The attempt was made from the following location:

    org.apache.dubbo.metadata.store.nacos.NacosConfigServiceWrapper.publishConfigCas(NacosConfigServiceWrapper.java:65)

The following method did not exist:

    com.alibaba.nacos.api.config.ConfigService.publishConfigCas(Ljava/lang/String;Ljava/lang/String;Ljava/lang/String;Ljava/lang/String;)Z

The calling method's class, org.apache.dubbo.metadata.store.nacos.NacosConfigServiceWrapper, was loaded from the following location:

    jar:file:/Users/gaozhiwei/maven/mvnstudy/org/apache/dubbo/dubbo/3.2.2/dubbo-3.2.2.jar!/org/apache/dubbo/metadata/store/nacos/NacosConfigServiceWrapper.class

The called method's class, com.alibaba.nacos.api.config.ConfigService, is available from the following locations:

    jar:file:/Users/gaozhiwei/maven/mvnstudy/com/alibaba/nacos/nacos-api/1.4.1/nacos-api-1.4.1.jar!/com/alibaba/nacos/api/config/ConfigService.class

The called method's class hierarchy was loaded from the following locations:

    com.alibaba.nacos.api.config.ConfigService: file:/Users/gaozhiwei/maven/mvnstudy/com/alibaba/nacos/nacos-api/1.4.1/nacos-api-1.4.1.jar


Action:

Correct the classpath of your application so that it contains compatible versions of the classes org.apache.dubbo.metadata.store.nacos.NacosConfigServiceWrapper and com.alibaba.nacos.api.config.ConfigService

