2025-12-02 09:35:32.656 [main] INFO  com.alibaba.nacos.client.utils.ParamUtil - [settings] [req-serv] nacos-server port:8848
2025-12-02 09:35:32.656 [main] INFO  com.alibaba.nacos.client.utils.ParamUtil - [settings] [http-client] connect timeout:1000
2025-12-02 09:35:32.659 [main] INFO  com.alibaba.nacos.client.utils.ParamUtil - PER_TASK_CONFIG_SIZE: 3000.0
2025-12-02 09:35:32.684 [Thread-2] INFO  c.a.n.client.auth.ram.identify.CredentialWatcher - null No credential found
2025-12-02 09:35:32.745 [main] INFO  com.alibaba.nacos.common.labels - DefaultLabelsCollectorManager get labels.....
2025-12-02 09:35:32.745 [main] INFO  com.alibaba.nacos.common.labels - Process LabelsCollector with [name:defaultNacosLabelsCollector]
2025-12-02 09:35:32.745 [main] INFO  com.alibaba.nacos.common.labels - default nacos collect properties raw labels: null
2025-12-02 09:35:32.746 [main] INFO  com.alibaba.nacos.common.labels - default nacos collect properties labels: {}
2025-12-02 09:35:32.747 [main] INFO  com.alibaba.nacos.common.labels - default nacos collect jvm raw labels: null
2025-12-02 09:35:32.747 [main] INFO  com.alibaba.nacos.common.labels - default nacos collect jvm labels: {}
2025-12-02 09:35:32.748 [main] INFO  com.alibaba.nacos.common.labels - default nacos collect env raw labels: null
2025-12-02 09:35:32.748 [main] INFO  com.alibaba.nacos.common.labels - default nacos collect env labels: {}
2025-12-02 09:35:32.748 [main] INFO  com.alibaba.nacos.common.labels - DefaultLabelsCollectorManager get labels finished,labels :{}
2025-12-02 09:35:32.762 [main] INFO  c.a.n.p.auth.spi.client.ClientAuthPluginManager - [ClientAuthPluginManager] Load ClientAuthService com.alibaba.nacos.client.auth.impl.NacosClientAuthServiceImpl success.
2025-12-02 09:35:32.763 [main] INFO  c.a.n.p.auth.spi.client.ClientAuthPluginManager - [ClientAuthPluginManager] Load ClientAuthService com.alibaba.nacos.client.auth.ram.RamClientAuthServiceImpl success.
2025-12-02 09:35:32.825 [main] INFO  com.alibaba.nacos.client.config.impl.Limiter - limitTime:5.0
2025-12-02 09:35:33.647 [main] INFO  c.a.n.client.config.impl.LocalConfigInfoProcessor - LOCAL_SNAPSHOT_PATH:/Users/gaozhiwei/nacos/config
2025-12-02 09:35:33.652 [main] INFO  com.alibaba.nacos.common.remote.client - [RpcClientFactory] create a new rpc client of d2ab3643-a694-4a5a-a0da-cd0569b5299f_config-0
2025-12-02 09:35:33.684 [main] INFO  com.alibaba.nacos.common.remote.client - [d2ab3643-a694-4a5a-a0da-cd0569b5299f_config-0] Register server push request handler:com.alibaba.nacos.client.config.impl.ClientWorker$ConfigRpcTransportClient$$Lambda/0x000000012835b040
2025-12-02 09:35:33.685 [main] INFO  com.alibaba.nacos.common.remote.client - [d2ab3643-a694-4a5a-a0da-cd0569b5299f_config-0] Register server push request handler:com.alibaba.nacos.client.config.impl.ClientWorker$ConfigRpcTransportClient$$Lambda/0x000000012835b460
2025-12-02 09:35:33.685 [main] INFO  com.alibaba.nacos.common.remote.client - [d2ab3643-a694-4a5a-a0da-cd0569b5299f_config-0] Registry connection listener to current client:com.alibaba.nacos.client.config.impl.ClientWorker$ConfigRpcTransportClient$1
2025-12-02 09:35:33.685 [main] INFO  com.alibaba.nacos.common.remote.client - [d2ab3643-a694-4a5a-a0da-cd0569b5299f_config-0] RpcClient init, ServerListFactory = com.alibaba.nacos.client.config.impl.ClientWorker$ConfigRpcTransportClient$2
2025-12-02 09:35:33.695 [main] INFO  com.alibaba.nacos.common.remote.client - [d2ab3643-a694-4a5a-a0da-cd0569b5299f_config-0] Try to connect to server on start up, server: {serverIp = '127.0.0.1', server main port = 8848}
2025-12-02 09:35:33.723 [main] INFO  c.a.nacos.common.remote.client.grpc.GrpcClient - grpc client connection server:127.0.0.1 ip,serverPort:9848,grpcTslConfig:{"sslProvider":"","enableTls":false,"mutualAuthEnable":false,"trustAll":false}
2025-12-02 09:35:34.624 [main] INFO  c.a.n.common.ability.AbstractAbilityControlManager - Ready to get current node abilities...
2025-12-02 09:35:34.626 [main] INFO  c.a.n.common.ability.AbstractAbilityControlManager - Ready to initialize current node abilities, support modes: [SDK_CLIENT]
2025-12-02 09:35:34.626 [main] INFO  c.a.n.common.ability.AbstractAbilityControlManager - Initialize current abilities finish...
2025-12-02 09:35:34.627 [main] INFO  c.a.n.c.ability.discover.NacosAbilityManagerHolder - [AbilityControlManager] Successfully initialize AbilityControlManager
2025-12-02 09:35:34.735 [main] INFO  com.alibaba.nacos.common.remote.client - [d2ab3643-a694-4a5a-a0da-cd0569b5299f_config-0] Success to connect to server [127.0.0.1:8848] on start up, connectionId = 1764639334507_127.0.0.1_55579
2025-12-02 09:35:34.736 [com.alibaba.nacos.client.remote.worker.0] INFO  com.alibaba.nacos.common.remote.client - [d2ab3643-a694-4a5a-a0da-cd0569b5299f_config-0] Notify connected event to listeners.
2025-12-02 09:35:34.736 [com.alibaba.nacos.client.remote.worker.0] INFO  com.alibaba.nacos.client.config.impl.ClientWorker - [d2ab3643-a694-4a5a-a0da-cd0569b5299f_config-0] Connected,notify listen context...
2025-12-02 09:35:34.736 [main] INFO  com.alibaba.nacos.common.remote.client - [d2ab3643-a694-4a5a-a0da-cd0569b5299f_config-0] Register server push request handler:com.alibaba.nacos.common.remote.client.RpcClient$ConnectResetRequestHandler
2025-12-02 09:35:34.737 [main] INFO  com.alibaba.nacos.common.remote.client - [d2ab3643-a694-4a5a-a0da-cd0569b5299f_config-0] Register server push request handler:com.alibaba.nacos.common.remote.client.RpcClient$$Lambda/0x00000001284b5478
2025-12-02 09:35:34.925 [main] INFO  o.s.c.b.c.PropertySourceBootstrapConfiguration - Located property source: [BootstrapPropertySource {name='bootstrapProperties-kd-gateway.properties,DEFAULT_GROUP'}, BootstrapPropertySource {name='bootstrapProperties-kd-gateway,DEFAULT_GROUP'}]
2025-12-02 09:35:34.961 [main] INFO  org.action.gateway.GateWayApplication - No active profile set, falling back to 1 default profile: "default"
2025-12-02 09:35:36.217 [main] INFO  o.s.d.r.config.RepositoryConfigurationDelegate - Multiple Spring Data modules found, entering strict repository configuration mode
2025-12-02 09:35:36.223 [main] INFO  o.s.d.r.config.RepositoryConfigurationDelegate - Bootstrapping Spring Data Redis repositories in DEFAULT mode.
2025-12-02 09:35:36.262 [main] INFO  o.s.d.r.config.RepositoryConfigurationDelegate - Finished Spring Data repository scanning in 9 ms. Found 0 Redis repository interfaces.
2025-12-02 09:35:36.540 [main] INFO  o.springframework.cloud.context.scope.GenericScope - BeanFactory id=bda40355-e43d-345e-9e3a-f162bdf5a250
2025-12-02 09:35:37.700 [main] INFO  org.redisson.Version - Redisson 3.24.3
2025-12-02 09:35:38.901 [redisson-netty-3-6] INFO  o.r.connection.pool.MasterPubSubConnectionPool - 1 connections initialized for localhost/127.0.0.1:6379
2025-12-02 09:35:38.991 [redisson-netty-3-20] INFO  org.redisson.connection.pool.MasterConnectionPool - 24 connections initialized for localhost/127.0.0.1:6379
2025-12-02 09:35:39.884 [main] INFO  o.s.c.gateway.route.RouteDefinitionRouteLocator - Loaded RoutePredicateFactory [After]
2025-12-02 09:35:39.885 [main] INFO  o.s.c.gateway.route.RouteDefinitionRouteLocator - Loaded RoutePredicateFactory [Before]
2025-12-02 09:35:39.885 [main] INFO  o.s.c.gateway.route.RouteDefinitionRouteLocator - Loaded RoutePredicateFactory [Between]
2025-12-02 09:35:39.885 [main] INFO  o.s.c.gateway.route.RouteDefinitionRouteLocator - Loaded RoutePredicateFactory [Cookie]
2025-12-02 09:35:39.885 [main] INFO  o.s.c.gateway.route.RouteDefinitionRouteLocator - Loaded RoutePredicateFactory [Header]
2025-12-02 09:35:39.885 [main] INFO  o.s.c.gateway.route.RouteDefinitionRouteLocator - Loaded RoutePredicateFactory [Host]
2025-12-02 09:35:39.885 [main] INFO  o.s.c.gateway.route.RouteDefinitionRouteLocator - Loaded RoutePredicateFactory [Method]
2025-12-02 09:35:39.885 [main] INFO  o.s.c.gateway.route.RouteDefinitionRouteLocator - Loaded RoutePredicateFactory [Path]
2025-12-02 09:35:39.885 [main] INFO  o.s.c.gateway.route.RouteDefinitionRouteLocator - Loaded RoutePredicateFactory [Query]
2025-12-02 09:35:39.885 [main] INFO  o.s.c.gateway.route.RouteDefinitionRouteLocator - Loaded RoutePredicateFactory [ReadBody]
2025-12-02 09:35:39.885 [main] INFO  o.s.c.gateway.route.RouteDefinitionRouteLocator - Loaded RoutePredicateFactory [RemoteAddr]
2025-12-02 09:35:39.885 [main] INFO  o.s.c.gateway.route.RouteDefinitionRouteLocator - Loaded RoutePredicateFactory [XForwardedRemoteAddr]
2025-12-02 09:35:39.886 [main] INFO  o.s.c.gateway.route.RouteDefinitionRouteLocator - Loaded RoutePredicateFactory [Weight]
2025-12-02 09:35:39.886 [main] INFO  o.s.c.gateway.route.RouteDefinitionRouteLocator - Loaded RoutePredicateFactory [CloudFoundryRouteService]
2025-12-02 09:35:39.922 [main] INFO  c.a.c.s.gateway.scg.SentinelSCGAutoConfiguration - [Sentinel SpringCloudGateway] register SentinelGatewayFilter with order: -2147483648
2025-12-02 09:35:40.233 [main] INFO  o.s.b.actuate.endpoint.web.EndpointLinksResolver - Exposing 1 endpoint(s) beneath base path '/actuator'
2025-12-02 09:35:40.587 [main] INFO  c.a.c.s.gateway.scg.SentinelSCGAutoConfiguration - [Sentinel SpringCloudGateway] register SentinelGatewayBlockExceptionHandler
2025-12-02 09:35:41.087 [main] INFO  o.s.boot.web.embedded.netty.NettyWebServer - Netty started on port 8094
2025-12-02 09:35:41.099 [main] INFO  com.alibaba.nacos.client.naming - initializer namespace from ans.namespace attribute : null
2025-12-02 09:35:41.100 [main] INFO  com.alibaba.nacos.client.naming - initializer namespace from ALIBABA_ALIWARE_NAMESPACE attribute :null
2025-12-02 09:35:41.100 [main] INFO  com.alibaba.nacos.client.naming - initializer namespace from namespace attribute :null
2025-12-02 09:35:41.107 [main] INFO  com.alibaba.nacos.client.naming - FailoverDataSource type is class com.alibaba.nacos.client.naming.backups.datasource.DiskFailoverDataSource
2025-12-02 09:35:41.110 [main] INFO  c.a.n.p.auth.spi.client.ClientAuthPluginManager - [ClientAuthPluginManager] Load ClientAuthService com.alibaba.nacos.client.auth.impl.NacosClientAuthServiceImpl success.
2025-12-02 09:35:41.111 [main] INFO  c.a.n.p.auth.spi.client.ClientAuthPluginManager - [ClientAuthPluginManager] Load ClientAuthService com.alibaba.nacos.client.auth.ram.RamClientAuthServiceImpl success.
2025-12-02 09:35:41.252 [main] INFO  com.alibaba.nacos.common.remote.client - [RpcClientFactory] create a new rpc client of f91913f1-312f-4fce-9f97-e167a118e81a
2025-12-02 09:35:41.254 [main] INFO  com.alibaba.nacos.client.naming - Create naming rpc client for uuid->f91913f1-312f-4fce-9f97-e167a118e81a
2025-12-02 09:35:41.255 [main] INFO  com.alibaba.nacos.common.remote.client - [f91913f1-312f-4fce-9f97-e167a118e81a] RpcClient init, ServerListFactory = com.alibaba.nacos.client.naming.core.ServerListManager
2025-12-02 09:35:41.255 [main] INFO  com.alibaba.nacos.common.remote.client - [f91913f1-312f-4fce-9f97-e167a118e81a] Registry connection listener to current client:com.alibaba.nacos.client.naming.remote.gprc.redo.NamingGrpcRedoService
2025-12-02 09:35:41.255 [main] INFO  com.alibaba.nacos.common.remote.client - [f91913f1-312f-4fce-9f97-e167a118e81a] Register server push request handler:com.alibaba.nacos.client.naming.remote.gprc.NamingPushRequestHandler
2025-12-02 09:35:41.256 [main] INFO  com.alibaba.nacos.common.remote.client - [f91913f1-312f-4fce-9f97-e167a118e81a] Try to connect to server on start up, server: {serverIp = '127.0.0.1', server main port = 8848}
2025-12-02 09:35:41.256 [main] INFO  c.a.nacos.common.remote.client.grpc.GrpcClient - grpc client connection server:127.0.0.1 ip,serverPort:9848,grpcTslConfig:{"sslProvider":"","enableTls":false,"mutualAuthEnable":false,"trustAll":false}
2025-12-02 09:35:41.372 [main] INFO  com.alibaba.nacos.common.remote.client - [f91913f1-312f-4fce-9f97-e167a118e81a] Success to connect to server [127.0.0.1:8848] on start up, connectionId = 1764639341264_127.0.0.1_55605
2025-12-02 09:35:41.373 [main] INFO  com.alibaba.nacos.common.remote.client - [f91913f1-312f-4fce-9f97-e167a118e81a] Register server push request handler:com.alibaba.nacos.common.remote.client.RpcClient$ConnectResetRequestHandler
2025-12-02 09:35:41.373 [com.alibaba.nacos.client.remote.worker.0] INFO  com.alibaba.nacos.common.remote.client - [f91913f1-312f-4fce-9f97-e167a118e81a] Notify connected event to listeners.
2025-12-02 09:35:41.373 [main] INFO  com.alibaba.nacos.common.remote.client - [f91913f1-312f-4fce-9f97-e167a118e81a] Register server push request handler:com.alibaba.nacos.common.remote.client.RpcClient$$Lambda/0x00000001284b5478
2025-12-02 09:35:41.373 [com.alibaba.nacos.client.remote.worker.0] INFO  com.alibaba.nacos.client.naming - Grpc connection connect
2025-12-02 09:35:41.374 [main] INFO  com.alibaba.nacos.client.naming - [REGISTER-SERVICE] public registering service kd-gateway with instance Instance{instanceId='null', ip='192.168.1.118', port=8094, weight=1.0, healthy=true, enabled=true, ephemeral=true, clusterName='', serviceName='null', metadata={IPv6=[2409:8a00:7990:c70:6107:c090:5233:728d], preserved.register.source=SPRING_CLOUD}}
2025-12-02 09:35:41.426 [main] INFO  c.a.cloud.nacos.registry.NacosServiceRegistry - nacos registry, DEFAULT_GROUP kd-gateway 192.168.1.118:8094 register finished
2025-12-02 09:35:41.498 [main] INFO  org.action.gateway.GateWayApplication - Started GateWayApplication in 10.788 seconds (process running for 11.568)
2025-12-02 09:35:41.503 [main] INFO  com.alibaba.nacos.client.config.impl.CacheData - config listener notify warn timeout millis use default 60000 millis 
2025-12-02 09:35:41.504 [main] INFO  com.alibaba.nacos.client.config.impl.CacheData - nacos.cache.data.init.snapshot = true 
2025-12-02 09:35:41.504 [main] INFO  com.alibaba.nacos.client.config.impl.ClientWorker - [fixed-127.0.0.1_8848] [subscribe] kd-gateway.properties+DEFAULT_GROUP
2025-12-02 09:35:41.515 [main] INFO  com.alibaba.nacos.client.config.impl.CacheData - [fixed-127.0.0.1_8848] [add-listener] ok, tenant=, dataId=kd-gateway.properties, group=DEFAULT_GROUP, cnt=1
2025-12-02 09:35:41.515 [main] INFO  c.a.cloud.nacos.refresh.NacosContextRefresher - [Nacos Config] Listening config: dataId=kd-gateway.properties, group=DEFAULT_GROUP
2025-12-02 09:35:41.515 [main] INFO  com.alibaba.nacos.client.config.impl.ClientWorker - [fixed-127.0.0.1_8848] [subscribe] kd-gateway+DEFAULT_GROUP
2025-12-02 09:35:41.516 [main] INFO  com.alibaba.nacos.client.config.impl.CacheData - [fixed-127.0.0.1_8848] [add-listener] ok, tenant=, dataId=kd-gateway, group=DEFAULT_GROUP, cnt=1
2025-12-02 09:35:41.516 [main] INFO  c.a.cloud.nacos.refresh.NacosContextRefresher - [Nacos Config] Listening config: dataId=kd-gateway, group=DEFAULT_GROUP
2025-12-02 21:00:17.575 [SpringApplicationShutdownHook] INFO  c.a.cloud.nacos.registry.NacosServiceRegistry - De-registering from Nacos Server now...
2025-12-02 21:00:17.644 [SpringApplicationShutdownHook] INFO  com.alibaba.nacos.client.naming - [DEREGISTER-SERVICE] public deregistering service kd-gateway with instance: Instance{instanceId='null', ip='192.168.1.118', port=8094, weight=1.0, healthy=true, enabled=true, ephemeral=true, clusterName='', serviceName='null', metadata={}}
2025-12-02 21:00:17.805 [SpringApplicationShutdownHook] INFO  c.a.cloud.nacos.registry.NacosServiceRegistry - De-registration finished.
2025-12-02 21:00:17.823 [SpringApplicationShutdownHook] INFO  com.alibaba.nacos.client.naming - com.alibaba.nacos.client.naming.cache.ServiceInfoHolder do shutdown begin
2025-12-02 21:00:17.823 [SpringApplicationShutdownHook] INFO  com.alibaba.nacos.client.naming - com.alibaba.nacos.client.naming.backups.FailoverReactor do shutdown begin
2025-12-02 21:00:17.825 [SpringApplicationShutdownHook] INFO  com.alibaba.nacos.client.naming - com.alibaba.nacos.client.naming.backups.FailoverReactor do shutdown stop
2025-12-02 21:00:17.825 [SpringApplicationShutdownHook] INFO  com.alibaba.nacos.client.naming - com.alibaba.nacos.client.naming.cache.ServiceInfoHolder do shutdown stop
2025-12-02 21:00:17.825 [SpringApplicationShutdownHook] INFO  com.alibaba.nacos.client.naming - com.alibaba.nacos.client.naming.remote.NamingClientProxyDelegate do shutdown begin
2025-12-02 21:00:17.825 [SpringApplicationShutdownHook] INFO  com.alibaba.nacos.client.naming - com.alibaba.nacos.client.naming.core.ServiceInfoUpdateService do shutdown begin
2025-12-02 21:00:17.825 [SpringApplicationShutdownHook] INFO  com.alibaba.nacos.client.naming - com.alibaba.nacos.client.naming.core.ServiceInfoUpdateService do shutdown stop
2025-12-02 21:00:17.827 [SpringApplicationShutdownHook] INFO  com.alibaba.nacos.client.naming - com.alibaba.nacos.client.naming.core.ServerListManager do shutdown begin
2025-12-02 21:00:17.828 [SpringApplicationShutdownHook] INFO  com.alibaba.nacos.client.naming - com.alibaba.nacos.client.naming.core.ServerListManager do shutdown stop
2025-12-02 21:00:17.829 [SpringApplicationShutdownHook] INFO  com.alibaba.nacos.client.naming - com.alibaba.nacos.client.naming.remote.http.NamingHttpClientProxy do shutdown begin
2025-12-02 21:00:17.830 [SpringApplicationShutdownHook] INFO  com.alibaba.nacos.client.naming - com.alibaba.nacos.client.naming.remote.http.NamingHttpClientProxy do shutdown stop
2025-12-02 21:00:17.830 [SpringApplicationShutdownHook] INFO  com.alibaba.nacos.client.naming - Shutdown naming grpc client proxy for  uuid->f91913f1-312f-4fce-9f97-e167a118e81a
2025-12-02 21:00:17.830 [SpringApplicationShutdownHook] INFO  com.alibaba.nacos.client.naming - Shutdown grpc redo service executor java.util.concurrent.ScheduledThreadPoolExecutor@6421d85c[Running, pool size = 1, active threads = 0, queued tasks = 1, completed tasks = 12018]
2025-12-02 21:00:17.836 [SpringApplicationShutdownHook] INFO  com.alibaba.nacos.common.remote.client - Shutdown rpc client, set status to shutdown
2025-12-02 21:00:17.836 [SpringApplicationShutdownHook] INFO  com.alibaba.nacos.common.remote.client - Shutdown client event executor java.util.concurrent.ScheduledThreadPoolExecutor@4cb45048[Running, pool size = 2, active threads = 2, queued tasks = 0, completed tasks = 0]
2025-12-02 21:00:17.837 [SpringApplicationShutdownHook] INFO  com.alibaba.nacos.common.remote.client - Close current connection 1764639341264_127.0.0.1_55605
2025-12-02 21:00:17.873 [nacos-grpc-client-executor-127.0.0.1-7940] INFO  c.a.nacos.common.remote.client.grpc.GrpcClient - [1764639341264_127.0.0.1_55605]Ignore complete event,isRunning:false,isAbandon=false
2025-12-02 21:00:17.990 [SpringApplicationShutdownHook] INFO  c.a.nacos.common.remote.client.grpc.GrpcClient - Shutdown grpc executor java.util.concurrent.ThreadPoolExecutor@19faa9dc[Running, pool size = 4, active threads = 0, queued tasks = 0, completed tasks = 7941]
2025-12-02 21:00:17.993 [SpringApplicationShutdownHook] INFO  com.alibaba.nacos.client.naming - shutdown and remove naming rpc client  for uuid ->f91913f1-312f-4fce-9f97-e167a118e81a
2025-12-02 21:00:17.997 [SpringApplicationShutdownHook] INFO  c.a.n.client.auth.ram.identify.CredentialWatcher - [null] CredentialWatcher is stopped
2025-12-02 21:00:17.998 [SpringApplicationShutdownHook] INFO  c.a.n.client.auth.ram.identify.CredentialService - [null] CredentialService is freed
2025-12-02 21:00:18.002 [SpringApplicationShutdownHook] INFO  com.alibaba.nacos.client.naming - com.alibaba.nacos.client.naming.remote.NamingClientProxyDelegate do shutdown stop
2025-12-02 21:00:18.318 [com.alibaba.nacos.client.Worker.7] INFO  c.a.n.client.auth.ram.identify.CredentialWatcher - null No credential found
